026/controlled/SR300-laptop/0/color/pitch_top/00 026
026/controlled/SR300-laptop/0/color/pitch_top/01 026
026/controlled/SR300-laptop/0/color/pitch_top/02 026
026/controlled/SR300-laptop/0/color/pitch_top/03 026
026/controlled/SR300-laptop/0/color/pitch_top/04 026
026/controlled/SR300-laptop/0/color/pitch_top/05 026
026/controlled/SR300-laptop/1/color/pitch_top/00 026
026/controlled/SR300-laptop/1/color/pitch_top/01 026
026/controlled/SR300-laptop/1/color/pitch_top/02 026
026/controlled/SR300-mobile/0/color/pitch_top/00 026
026/controlled/SR300-mobile/0/color/pitch_top/01 026
026/controlled/SR300-mobile/0/color/pitch_top/02 026
026/controlled/SR300-mobile/0/color/pitch_top/03 026
026/controlled/SR300-mobile/1/color/pitch_top/00 026
026/controlled/SR300-mobile/1/color/pitch_top/01 026
026/controlled/SR300-mobile/1/color/pitch_top/02 026
026/controlled/SR300-mobile/1/color/pitch_top/03 026
026/controlled/SR300-mobile/1/color/pitch_top/04 026
027/controlled/SR300-laptop/0/color/pitch_top/00 027
027/controlled/SR300-laptop/0/color/pitch_top/01 027
027/controlled/SR300-laptop/0/color/pitch_top/02 027
027/controlled/SR300-laptop/0/color/pitch_top/03 027
027/controlled/SR300-laptop/0/color/pitch_top/04 027
027/controlled/SR300-laptop/1/color/pitch_top/00 027
027/controlled/SR300-laptop/1/color/pitch_top/01 027
027/controlled/SR300-laptop/1/color/pitch_top/02 027
027/controlled/SR300-laptop/1/color/pitch_top/03 027
027/controlled/SR300-laptop/1/color/pitch_top/04 027
027/controlled/SR300-mobile/0/color/pitch_top/00 027
027/controlled/SR300-mobile/0/color/pitch_top/01 027
027/controlled/SR300-mobile/0/color/pitch_top/02 027
027/controlled/SR300-mobile/0/color/pitch_top/03 027
027/controlled/SR300-mobile/0/color/pitch_top/04 027
027/controlled/SR300-mobile/1/color/pitch_top/00 027
027/controlled/SR300-mobile/1/color/pitch_top/01 027
027/controlled/SR300-mobile/1/color/pitch_top/02 027
027/controlled/SR300-mobile/1/color/pitch_top/03 027
027/controlled/SR300-mobile/1/color/pitch_top/04 027
028/controlled/SR300-laptop/0/color/pitch_top/00 028
028/controlled/SR300-laptop/0/color/pitch_top/01 028
028/controlled/SR300-laptop/0/color/pitch_top/02 028
028/controlled/SR300-laptop/1/color/pitch_top/00 028
028/controlled/SR300-laptop/1/color/pitch_top/01 028
028/controlled/SR300-laptop/1/color/pitch_top/02 028
028/controlled/SR300-laptop/1/color/pitch_top/03 028
028/controlled/SR300-laptop/1/color/pitch_top/04 028
028/controlled/SR300-mobile/0/color/pitch_top/00 028
028/controlled/SR300-mobile/0/color/pitch_top/01 028
028/controlled/SR300-mobile/0/color/pitch_top/02 028
028/controlled/SR300-mobile/0/color/pitch_top/03 028
028/controlled/SR300-mobile/1/color/pitch_top/00 028
028/controlled/SR300-mobile/1/color/pitch_top/01 028
028/controlled/SR300-mobile/1/color/pitch_top/02 028
029/controlled/SR300-laptop/0/color/pitch_top/00 029
029/controlled/SR300-laptop/0/color/pitch_top/01 029
029/controlled/SR300-laptop/0/color/pitch_top/02 029
029/controlled/SR300-laptop/0/color/pitch_top/03 029
029/controlled/SR300-laptop/0/color/pitch_top/04 029
029/controlled/SR300-laptop/1/color/pitch_top/00 029
029/controlled/SR300-laptop/1/color/pitch_top/01 029
029/controlled/SR300-laptop/1/color/pitch_top/02 029
029/controlled/SR300-laptop/1/color/pitch_top/03 029
029/controlled/SR300-laptop/1/color/pitch_top/04 029
029/controlled/SR300-mobile/0/color/pitch_top/00 029
029/controlled/SR300-mobile/0/color/pitch_top/01 029
029/controlled/SR300-mobile/0/color/pitch_top/02 029
029/controlled/SR300-mobile/0/color/pitch_top/03 029
029/controlled/SR300-mobile/0/color/pitch_top/04 029
029/controlled/SR300-mobile/1/color/pitch_top/00 029
029/controlled/SR300-mobile/1/color/pitch_top/01 029
029/controlled/SR300-mobile/1/color/pitch_top/02 029
029/controlled/SR300-mobile/1/color/pitch_top/03 029
030/controlled/SR300-laptop/0/color/pitch_top/00 030
030/controlled/SR300-laptop/0/color/pitch_top/01 030
030/controlled/SR300-laptop/0/color/pitch_top/02 030
030/controlled/SR300-laptop/0/color/pitch_top/03 030
030/controlled/SR300-laptop/0/color/pitch_top/04 030
030/controlled/SR300-laptop/0/color/pitch_top/05 030
030/controlled/SR300-laptop/1/color/pitch_top/00 030
030/controlled/SR300-laptop/1/color/pitch_top/01 030
030/controlled/SR300-laptop/1/color/pitch_top/02 030
030/controlled/SR300-laptop/1/color/pitch_top/03 030
030/controlled/SR300-laptop/1/color/pitch_top/04 030
030/controlled/SR300-mobile/0/color/pitch_top/00 030
030/controlled/SR300-mobile/0/color/pitch_top/01 030
030/controlled/SR300-mobile/1/color/pitch_top/00 030
030/controlled/SR300-mobile/1/color/pitch_top/01 030
030/controlled/SR300-mobile/1/color/pitch_top/02 030
030/controlled/SR300-mobile/1/color/pitch_top/03 030
030/controlled/SR300-mobile/1/color/pitch_top/04 030
031/controlled/SR300-laptop/0/color/pitch_top/00 031
031/controlled/SR300-laptop/0/color/pitch_top/01 031
031/controlled/SR300-laptop/0/color/pitch_top/02 031
031/controlled/SR300-laptop/0/color/pitch_top/03 031
031/controlled/SR300-laptop/0/color/pitch_top/04 031
031/controlled/SR300-laptop/1/color/pitch_top/00 031
031/controlled/SR300-laptop/1/color/pitch_top/01 031
031/controlled/SR300-laptop/1/color/pitch_top/02 031
031/controlled/SR300-laptop/1/color/pitch_top/03 031
031/controlled/SR300-laptop/1/color/pitch_top/04 031
031/controlled/SR300-mobile/0/color/pitch_top/00 031
031/controlled/SR300-mobile/0/color/pitch_top/01 031
031/controlled/SR300-mobile/0/color/pitch_top/02 031
031/controlled/SR300-mobile/0/color/pitch_top/03 031
031/controlled/SR300-mobile/0/color/pitch_top/04 031
031/controlled/SR300-mobile/1/color/pitch_top/00 031
031/controlled/SR300-mobile/1/color/pitch_top/01 031
031/controlled/SR300-mobile/1/color/pitch_top/02 031
031/controlled/SR300-mobile/1/color/pitch_top/03 031
031/controlled/SR300-mobile/1/color/pitch_top/04 031
032/controlled/SR300-laptop/0/color/pitch_top/00 032
032/controlled/SR300-laptop/0/color/pitch_top/01 032
032/controlled/SR300-laptop/0/color/pitch_top/02 032
032/controlled/SR300-laptop/0/color/pitch_top/03 032
032/controlled/SR300-laptop/1/color/pitch_top/00 032
032/controlled/SR300-laptop/1/color/pitch_top/01 032
032/controlled/SR300-laptop/1/color/pitch_top/02 032
032/controlled/SR300-laptop/1/color/pitch_top/03 032
032/controlled/SR300-laptop/1/color/pitch_top/04 032
032/controlled/SR300-mobile/0/color/pitch_top/00 032
032/controlled/SR300-mobile/0/color/pitch_top/01 032
032/controlled/SR300-mobile/0/color/pitch_top/02 032
032/controlled/SR300-mobile/0/color/pitch_top/03 032
032/controlled/SR300-mobile/1/color/pitch_top/00 032
032/controlled/SR300-mobile/1/color/pitch_top/01 032
032/controlled/SR300-mobile/1/color/pitch_top/02 032
032/controlled/SR300-mobile/1/color/pitch_top/03 032
032/controlled/SR300-mobile/1/color/pitch_top/04 032
032/controlled/SR300-mobile/1/color/pitch_top/05 032
033/controlled/SR300-laptop/0/color/pitch_top/00 033
033/controlled/SR300-laptop/0/color/pitch_top/01 033
033/controlled/SR300-laptop/0/color/pitch_top/02 033
033/controlled/SR300-laptop/0/color/pitch_top/03 033
033/controlled/SR300-laptop/1/color/pitch_top/00 033
033/controlled/SR300-laptop/1/color/pitch_top/01 033
033/controlled/SR300-laptop/1/color/pitch_top/02 033
033/controlled/SR300-mobile/0/color/pitch_top/00 033
033/controlled/SR300-mobile/0/color/pitch_top/01 033
033/controlled/SR300-mobile/0/color/pitch_top/02 033
033/controlled/SR300-mobile/0/color/pitch_top/03 033
033/controlled/SR300-mobile/1/color/pitch_top/00 033
033/controlled/SR300-mobile/1/color/pitch_top/01 033
033/controlled/SR300-mobile/1/color/pitch_top/02 033
033/controlled/SR300-mobile/1/color/pitch_top/03 033
033/controlled/SR300-mobile/1/color/pitch_top/04 033
034/controlled/SR300-laptop/0/color/pitch_top/00 034
034/controlled/SR300-laptop/0/color/pitch_top/01 034
034/controlled/SR300-laptop/0/color/pitch_top/02 034
034/controlled/SR300-laptop/0/color/pitch_top/03 034
034/controlled/SR300-laptop/0/color/pitch_top/04 034
034/controlled/SR300-laptop/1/color/pitch_top/00 034
034/controlled/SR300-laptop/1/color/pitch_top/01 034
034/controlled/SR300-laptop/1/color/pitch_top/02 034
034/controlled/SR300-laptop/1/color/pitch_top/03 034
034/controlled/SR300-laptop/1/color/pitch_top/04 034
034/controlled/SR300-mobile/0/color/pitch_top/00 034
034/controlled/SR300-mobile/0/color/pitch_top/01 034
034/controlled/SR300-mobile/0/color/pitch_top/02 034
034/controlled/SR300-mobile/0/color/pitch_top/03 034
034/controlled/SR300-mobile/1/color/pitch_top/00 034
034/controlled/SR300-mobile/1/color/pitch_top/01 034
034/controlled/SR300-mobile/1/color/pitch_top/02 034
034/controlled/SR300-mobile/1/color/pitch_top/03 034
035/controlled/SR300-laptop/0/color/pitch_top/00 035
035/controlled/SR300-laptop/0/color/pitch_top/01 035
035/controlled/SR300-laptop/0/color/pitch_top/02 035
035/controlled/SR300-laptop/0/color/pitch_top/03 035
035/controlled/SR300-laptop/1/color/pitch_top/00 035
035/controlled/SR300-laptop/1/color/pitch_top/01 035
035/controlled/SR300-laptop/1/color/pitch_top/02 035
035/controlled/SR300-laptop/1/color/pitch_top/03 035
035/controlled/SR300-laptop/1/color/pitch_top/04 035
035/controlled/SR300-laptop/1/color/pitch_top/05 035
035/controlled/SR300-mobile/0/color/pitch_top/00 035
035/controlled/SR300-mobile/0/color/pitch_top/01 035
035/controlled/SR300-mobile/0/color/pitch_top/02 035
035/controlled/SR300-mobile/0/color/pitch_top/03 035
035/controlled/SR300-mobile/0/color/pitch_top/04 035
035/controlled/SR300-mobile/1/color/pitch_top/00 035
035/controlled/SR300-mobile/1/color/pitch_top/01 035
035/controlled/SR300-mobile/1/color/pitch_top/02 035
035/controlled/SR300-mobile/1/color/pitch_top/03 035
035/controlled/SR300-mobile/1/color/pitch_top/04 035
036/controlled/SR300-laptop/0/color/pitch_top/00 036
036/controlled/SR300-laptop/0/color/pitch_top/01 036
036/controlled/SR300-laptop/0/color/pitch_top/02 036
036/controlled/SR300-laptop/1/color/pitch_top/00 036
036/controlled/SR300-laptop/1/color/pitch_top/01 036
036/controlled/SR300-laptop/1/color/pitch_top/02 036
036/controlled/SR300-laptop/1/color/pitch_top/03 036
036/controlled/SR300-mobile/0/color/pitch_top/00 036
036/controlled/SR300-mobile/0/color/pitch_top/01 036
036/controlled/SR300-mobile/0/color/pitch_top/02 036
036/controlled/SR300-mobile/0/color/pitch_top/03 036
036/controlled/SR300-mobile/1/color/pitch_top/00 036
036/controlled/SR300-mobile/1/color/pitch_top/01 036
036/controlled/SR300-mobile/1/color/pitch_top/02 036
036/controlled/SR300-mobile/1/color/pitch_top/03 036
037/controlled/SR300-laptop/0/color/pitch_top/00 037
037/controlled/SR300-laptop/0/color/pitch_top/01 037
037/controlled/SR300-laptop/0/color/pitch_top/02 037
037/controlled/SR300-laptop/0/color/pitch_top/03 037
037/controlled/SR300-laptop/0/color/pitch_top/04 037
037/controlled/SR300-laptop/1/color/pitch_top/00 037
037/controlled/SR300-laptop/1/color/pitch_top/01 037
037/controlled/SR300-laptop/1/color/pitch_top/02 037
037/controlled/SR300-laptop/1/color/pitch_top/03 037
037/controlled/SR300-laptop/1/color/pitch_top/04 037
037/controlled/SR300-laptop/1/color/pitch_top/05 037
037/controlled/SR300-mobile/0/color/pitch_top/00 037
037/controlled/SR300-mobile/0/color/pitch_top/01 037
037/controlled/SR300-mobile/0/color/pitch_top/02 037
037/controlled/SR300-mobile/0/color/pitch_top/03 037
037/controlled/SR300-mobile/0/color/pitch_top/04 037
037/controlled/SR300-mobile/0/color/pitch_top/05 037
037/controlled/SR300-mobile/0/color/pitch_top/06 037
037/controlled/SR300-mobile/1/color/pitch_top/00 037
037/controlled/SR300-mobile/1/color/pitch_top/01 037
037/controlled/SR300-mobile/1/color/pitch_top/02 037
037/controlled/SR300-mobile/1/color/pitch_top/03 037
037/controlled/SR300-mobile/1/color/pitch_top/04 037
037/controlled/SR300-mobile/1/color/pitch_top/05 037
038/controlled/SR300-laptop/0/color/pitch_top/00 038
038/controlled/SR300-laptop/0/color/pitch_top/01 038
038/controlled/SR300-laptop/0/color/pitch_top/02 038
038/controlled/SR300-laptop/0/color/pitch_top/03 038
038/controlled/SR300-laptop/0/color/pitch_top/04 038
038/controlled/SR300-laptop/1/color/pitch_top/00 038
038/controlled/SR300-laptop/1/color/pitch_top/01 038
038/controlled/SR300-laptop/1/color/pitch_top/02 038
038/controlled/SR300-laptop/1/color/pitch_top/03 038
038/controlled/SR300-laptop/1/color/pitch_top/04 038
038/controlled/SR300-laptop/1/color/pitch_top/05 038
038/controlled/SR300-mobile/0/color/pitch_top/00 038
038/controlled/SR300-mobile/0/color/pitch_top/01 038
038/controlled/SR300-mobile/0/color/pitch_top/02 038
038/controlled/SR300-mobile/0/color/pitch_top/03 038
038/controlled/SR300-mobile/0/color/pitch_top/04 038
038/controlled/SR300-mobile/0/color/pitch_top/05 038
038/controlled/SR300-mobile/1/color/pitch_top/00 038
038/controlled/SR300-mobile/1/color/pitch_top/01 038
038/controlled/SR300-mobile/1/color/pitch_top/02 038
038/controlled/SR300-mobile/1/color/pitch_top/03 038
038/controlled/SR300-mobile/1/color/pitch_top/04 038
038/controlled/SR300-mobile/1/color/pitch_top/05 038
039/controlled/SR300-laptop/0/color/pitch_top/00 039
039/controlled/SR300-laptop/0/color/pitch_top/01 039
039/controlled/SR300-laptop/0/color/pitch_top/02 039
039/controlled/SR300-laptop/0/color/pitch_top/03 039
039/controlled/SR300-laptop/1/color/pitch_top/00 039
039/controlled/SR300-laptop/1/color/pitch_top/01 039
039/controlled/SR300-laptop/1/color/pitch_top/02 039
039/controlled/SR300-mobile/0/color/pitch_top/00 039
039/controlled/SR300-mobile/0/color/pitch_top/01 039
039/controlled/SR300-mobile/0/color/pitch_top/02 039
039/controlled/SR300-mobile/0/color/pitch_top/03 039
039/controlled/SR300-mobile/0/color/pitch_top/04 039
039/controlled/SR300-mobile/1/color/pitch_top/00 039
039/controlled/SR300-mobile/1/color/pitch_top/01 039
040/controlled/SR300-laptop/0/color/pitch_top/00 040
040/controlled/SR300-laptop/0/color/pitch_top/01 040
040/controlled/SR300-laptop/0/color/pitch_top/02 040
040/controlled/SR300-laptop/0/color/pitch_top/03 040
040/controlled/SR300-laptop/1/color/pitch_top/00 040
040/controlled/SR300-laptop/1/color/pitch_top/01 040
040/controlled/SR300-laptop/1/color/pitch_top/02 040
040/controlled/SR300-laptop/1/color/pitch_top/03 040
040/controlled/SR300-mobile/0/color/pitch_top/00 040
040/controlled/SR300-mobile/0/color/pitch_top/01 040
040/controlled/SR300-mobile/0/color/pitch_top/02 040
040/controlled/SR300-mobile/0/color/pitch_top/03 040
040/controlled/SR300-mobile/0/color/pitch_top/04 040
040/controlled/SR300-mobile/0/color/pitch_top/05 040
040/controlled/SR300-mobile/1/color/pitch_top/00 040
040/controlled/SR300-mobile/1/color/pitch_top/01 040
040/controlled/SR300-mobile/1/color/pitch_top/02 040
040/controlled/SR300-mobile/1/color/pitch_top/03 040
041/controlled/SR300-laptop/0/color/pitch_top/00 041
041/controlled/SR300-laptop/0/color/pitch_top/01 041
041/controlled/SR300-laptop/0/color/pitch_top/02 041
041/controlled/SR300-laptop/0/color/pitch_top/03 041
041/controlled/SR300-laptop/1/color/pitch_top/00 041
041/controlled/SR300-laptop/1/color/pitch_top/01 041
041/controlled/SR300-laptop/1/color/pitch_top/02 041
041/controlled/SR300-laptop/1/color/pitch_top/03 041
041/controlled/SR300-laptop/1/color/pitch_top/04 041
041/controlled/SR300-mobile/0/color/pitch_top/00 041
041/controlled/SR300-mobile/0/color/pitch_top/01 041
041/controlled/SR300-mobile/0/color/pitch_top/02 041
041/controlled/SR300-mobile/0/color/pitch_top/03 041
041/controlled/SR300-mobile/0/color/pitch_top/04 041
041/controlled/SR300-mobile/1/color/pitch_top/00 041
041/controlled/SR300-mobile/1/color/pitch_top/01 041
041/controlled/SR300-mobile/1/color/pitch_top/02 041
041/controlled/SR300-mobile/1/color/pitch_top/03 041
041/controlled/SR300-mobile/1/color/pitch_top/04 041
041/controlled/SR300-mobile/1/color/pitch_top/05 041
042/controlled/SR300-laptop/0/color/pitch_top/00 042
042/controlled/SR300-laptop/0/color/pitch_top/01 042
042/controlled/SR300-laptop/0/color/pitch_top/02 042
042/controlled/SR300-laptop/0/color/pitch_top/03 042
042/controlled/SR300-laptop/1/color/pitch_top/00 042
042/controlled/SR300-laptop/1/color/pitch_top/01 042
042/controlled/SR300-laptop/1/color/pitch_top/02 042
042/controlled/SR300-laptop/1/color/pitch_top/03 042
042/controlled/SR300-laptop/1/color/pitch_top/04 042
042/controlled/SR300-mobile/0/color/pitch_top/00 042
042/controlled/SR300-mobile/0/color/pitch_top/01 042
042/controlled/SR300-mobile/0/color/pitch_top/02 042
042/controlled/SR300-mobile/0/color/pitch_top/03 042
042/controlled/SR300-mobile/1/color/pitch_top/00 042
042/controlled/SR300-mobile/1/color/pitch_top/01 042
042/controlled/SR300-mobile/1/color/pitch_top/02 042
042/controlled/SR300-mobile/1/color/pitch_top/03 042
042/controlled/SR300-mobile/1/color/pitch_top/04 042
043/controlled/SR300-laptop/0/color/pitch_top/00 043
043/controlled/SR300-laptop/0/color/pitch_top/01 043
043/controlled/SR300-laptop/0/color/pitch_top/02 043
043/controlled/SR300-laptop/0/color/pitch_top/03 043
043/controlled/SR300-laptop/0/color/pitch_top/04 043
043/controlled/SR300-laptop/0/color/pitch_top/05 043
043/controlled/SR300-laptop/1/color/pitch_top/00 043
043/controlled/SR300-laptop/1/color/pitch_top/01 043
043/controlled/SR300-laptop/1/color/pitch_top/02 043
043/controlled/SR300-laptop/1/color/pitch_top/03 043
043/controlled/SR300-laptop/1/color/pitch_top/04 043
043/controlled/SR300-laptop/1/color/pitch_top/05 043
043/controlled/SR300-laptop/1/color/pitch_top/06 043
043/controlled/SR300-mobile/0/color/pitch_top/00 043
043/controlled/SR300-mobile/0/color/pitch_top/01 043
043/controlled/SR300-mobile/0/color/pitch_top/02 043
043/controlled/SR300-mobile/0/color/pitch_top/03 043
043/controlled/SR300-mobile/1/color/pitch_top/00 043
043/controlled/SR300-mobile/1/color/pitch_top/01 043
043/controlled/SR300-mobile/1/color/pitch_top/02 043
043/controlled/SR300-mobile/1/color/pitch_top/03 043
044/controlled/SR300-laptop/0/color/pitch_top/00 044
044/controlled/SR300-laptop/0/color/pitch_top/01 044
044/controlled/SR300-laptop/0/color/pitch_top/02 044
044/controlled/SR300-laptop/1/color/pitch_top/00 044
044/controlled/SR300-laptop/1/color/pitch_top/01 044
044/controlled/SR300-laptop/1/color/pitch_top/02 044
044/controlled/SR300-laptop/1/color/pitch_top/03 044
044/controlled/SR300-mobile/0/color/pitch_top/00 044
044/controlled/SR300-mobile/0/color/pitch_top/01 044
044/controlled/SR300-mobile/0/color/pitch_top/02 044
044/controlled/SR300-mobile/0/color/pitch_top/03 044
044/controlled/SR300-mobile/1/color/pitch_top/00 044
044/controlled/SR300-mobile/1/color/pitch_top/01 044
044/controlled/SR300-mobile/1/color/pitch_top/02 044
044/controlled/SR300-mobile/1/color/pitch_top/03 044
044/controlled/SR300-mobile/1/color/pitch_top/04 044
045/controlled/SR300-laptop/0/color/pitch_top/00 045
045/controlled/SR300-laptop/0/color/pitch_top/01 045
045/controlled/SR300-laptop/0/color/pitch_top/02 045
045/controlled/SR300-laptop/0/color/pitch_top/03 045
045/controlled/SR300-laptop/0/color/pitch_top/04 045
045/controlled/SR300-laptop/0/color/pitch_top/05 045
045/controlled/SR300-laptop/1/color/pitch_top/00 045
045/controlled/SR300-laptop/1/color/pitch_top/01 045
045/controlled/SR300-laptop/1/color/pitch_top/02 045
045/controlled/SR300-laptop/1/color/pitch_top/03 045
045/controlled/SR300-mobile/0/color/pitch_top/00 045
045/controlled/SR300-mobile/0/color/pitch_top/01 045
045/controlled/SR300-mobile/0/color/pitch_top/02 045
045/controlled/SR300-mobile/0/color/pitch_top/03 045
045/controlled/SR300-mobile/0/color/pitch_top/04 045
045/controlled/SR300-mobile/0/color/pitch_top/05 045
045/controlled/SR300-mobile/0/color/pitch_top/06 045
045/controlled/SR300-mobile/1/color/pitch_top/00 045
045/controlled/SR300-mobile/1/color/pitch_top/01 045
045/controlled/SR300-mobile/1/color/pitch_top/02 045
045/controlled/SR300-mobile/1/color/pitch_top/03 045
045/controlled/SR300-mobile/1/color/pitch_top/04 045
045/controlled/SR300-mobile/1/color/pitch_top/05 045
046/controlled/SR300-laptop/0/color/pitch_top/00 046
046/controlled/SR300-laptop/0/color/pitch_top/01 046
046/controlled/SR300-laptop/0/color/pitch_top/02 046
046/controlled/SR300-laptop/0/color/pitch_top/03 046
046/controlled/SR300-laptop/1/color/pitch_top/00 046
046/controlled/SR300-laptop/1/color/pitch_top/01 046
046/controlled/SR300-laptop/1/color/pitch_top/02 046
046/controlled/SR300-mobile/0/color/pitch_top/00 046
046/controlled/SR300-mobile/0/color/pitch_top/01 046
046/controlled/SR300-mobile/0/color/pitch_top/02 046
046/controlled/SR300-mobile/0/color/pitch_top/03 046
046/controlled/SR300-mobile/1/color/pitch_top/00 046
046/controlled/SR300-mobile/1/color/pitch_top/01 046
046/controlled/SR300-mobile/1/color/pitch_top/02 046
046/controlled/SR300-mobile/1/color/pitch_top/03 046
046/controlled/SR300-mobile/1/color/pitch_top/04 046
046/controlled/SR300-mobile/1/color/pitch_top/05 046
047/controlled/SR300-laptop/0/color/pitch_top/00 047
047/controlled/SR300-laptop/0/color/pitch_top/01 047
047/controlled/SR300-laptop/0/color/pitch_top/02 047
047/controlled/SR300-laptop/0/color/pitch_top/03 047
047/controlled/SR300-laptop/0/color/pitch_top/04 047
047/controlled/SR300-laptop/1/color/pitch_top/00 047
047/controlled/SR300-laptop/1/color/pitch_top/01 047
047/controlled/SR300-laptop/1/color/pitch_top/02 047
047/controlled/SR300-laptop/1/color/pitch_top/03 047
047/controlled/SR300-mobile/0/color/pitch_top/00 047
047/controlled/SR300-mobile/0/color/pitch_top/01 047
047/controlled/SR300-mobile/0/color/pitch_top/02 047
047/controlled/SR300-mobile/0/color/pitch_top/03 047
047/controlled/SR300-mobile/1/color/pitch_top/00 047
047/controlled/SR300-mobile/1/color/pitch_top/01 047
047/controlled/SR300-mobile/1/color/pitch_top/02 047
048/controlled/SR300-laptop/0/color/pitch_top/00 048
048/controlled/SR300-laptop/0/color/pitch_top/01 048
048/controlled/SR300-laptop/0/color/pitch_top/02 048
048/controlled/SR300-laptop/0/color/pitch_top/03 048
048/controlled/SR300-laptop/1/color/pitch_top/00 048
048/controlled/SR300-laptop/1/color/pitch_top/01 048
048/controlled/SR300-laptop/1/color/pitch_top/02 048
048/controlled/SR300-laptop/1/color/pitch_top/03 048
048/controlled/SR300-mobile/0/color/pitch_top/00 048
048/controlled/SR300-mobile/0/color/pitch_top/01 048
048/controlled/SR300-mobile/0/color/pitch_top/02 048
048/controlled/SR300-mobile/1/color/pitch_top/00 048
048/controlled/SR300-mobile/1/color/pitch_top/01 048
048/controlled/SR300-mobile/1/color/pitch_top/02 048
048/controlled/SR300-mobile/1/color/pitch_top/03 048
049/controlled/SR300-laptop/0/color/pitch_top/00 049
049/controlled/SR300-laptop/0/color/pitch_top/01 049
049/controlled/SR300-laptop/0/color/pitch_top/02 049
049/controlled/SR300-laptop/0/color/pitch_top/03 049
049/controlled/SR300-laptop/0/color/pitch_top/04 049
049/controlled/SR300-laptop/1/color/pitch_top/00 049
049/controlled/SR300-laptop/1/color/pitch_top/01 049
049/controlled/SR300-laptop/1/color/pitch_top/02 049
049/controlled/SR300-laptop/1/color/pitch_top/03 049
049/controlled/SR300-mobile/0/color/pitch_top/00 049
049/controlled/SR300-mobile/0/color/pitch_top/01 049
049/controlled/SR300-mobile/0/color/pitch_top/02 049
049/controlled/SR300-mobile/0/color/pitch_top/03 049
049/controlled/SR300-mobile/1/color/pitch_top/00 049
049/controlled/SR300-mobile/1/color/pitch_top/01 049
049/controlled/SR300-mobile/1/color/pitch_top/02 049
049/controlled/SR300-mobile/1/color/pitch_top/03 049
050/controlled/SR300-laptop/0/color/pitch_top/00 050
050/controlled/SR300-laptop/0/color/pitch_top/01 050
050/controlled/SR300-laptop/0/color/pitch_top/02 050
050/controlled/SR300-laptop/0/color/pitch_top/03 050
050/controlled/SR300-laptop/0/color/pitch_top/04 050
050/controlled/SR300-laptop/1/color/pitch_top/00 050
050/controlled/SR300-laptop/1/color/pitch_top/01 050
050/controlled/SR300-laptop/1/color/pitch_top/02 050
050/controlled/SR300-laptop/1/color/pitch_top/03 050
050/controlled/SR300-mobile/0/color/pitch_top/00 050
050/controlled/SR300-mobile/0/color/pitch_top/01 050
050/controlled/SR300-mobile/0/color/pitch_top/02 050
050/controlled/SR300-mobile/0/color/pitch_top/03 050
050/controlled/SR300-mobile/1/color/pitch_top/00 050
050/controlled/SR300-mobile/1/color/pitch_top/01 050
050/controlled/SR300-mobile/1/color/pitch_top/02 050
