026/controlled/SR300-laptop/0/color/pitch_bottom/00 026
026/controlled/SR300-laptop/0/color/pitch_bottom/01 026
026/controlled/SR300-laptop/0/color/pitch_bottom/02 026
026/controlled/SR300-laptop/0/color/pitch_bottom/03 026
026/controlled/SR300-laptop/1/color/pitch_bottom/00 026
026/controlled/SR300-laptop/1/color/pitch_bottom/01 026
026/controlled/SR300-laptop/1/color/pitch_bottom/02 026
026/controlled/SR300-laptop/1/color/pitch_bottom/03 026
026/controlled/SR300-laptop/1/color/pitch_bottom/04 026
026/controlled/SR300-mobile/0/color/pitch_bottom/00 026
026/controlled/SR300-mobile/0/color/pitch_bottom/01 026
026/controlled/SR300-mobile/0/color/pitch_bottom/02 026
026/controlled/SR300-mobile/0/color/pitch_bottom/03 026
026/controlled/SR300-mobile/0/color/pitch_bottom/04 026
026/controlled/SR300-mobile/1/color/pitch_bottom/00 026
026/controlled/SR300-mobile/1/color/pitch_bottom/01 026
026/controlled/SR300-mobile/1/color/pitch_bottom/02 026
026/controlled/SR300-mobile/1/color/pitch_bottom/03 026
027/controlled/SR300-laptop/0/color/pitch_bottom/00 027
027/controlled/SR300-laptop/0/color/pitch_bottom/01 027
027/controlled/SR300-laptop/0/color/pitch_bottom/02 027
027/controlled/SR300-laptop/0/color/pitch_bottom/03 027
027/controlled/SR300-laptop/1/color/pitch_bottom/00 027
027/controlled/SR300-laptop/1/color/pitch_bottom/01 027
027/controlled/SR300-laptop/1/color/pitch_bottom/02 027
027/controlled/SR300-laptop/1/color/pitch_bottom/03 027
027/controlled/SR300-laptop/1/color/pitch_bottom/04 027
027/controlled/SR300-laptop/1/color/pitch_bottom/05 027
027/controlled/SR300-mobile/0/color/pitch_bottom/00 027
027/controlled/SR300-mobile/0/color/pitch_bottom/01 027
027/controlled/SR300-mobile/0/color/pitch_bottom/02 027
027/controlled/SR300-mobile/0/color/pitch_bottom/03 027
027/controlled/SR300-mobile/0/color/pitch_bottom/04 027
027/controlled/SR300-mobile/1/color/pitch_bottom/00 027
027/controlled/SR300-mobile/1/color/pitch_bottom/01 027
027/controlled/SR300-mobile/1/color/pitch_bottom/02 027
027/controlled/SR300-mobile/1/color/pitch_bottom/03 027
027/controlled/SR300-mobile/1/color/pitch_bottom/04 027
028/controlled/SR300-laptop/0/color/pitch_bottom/00 028
028/controlled/SR300-laptop/0/color/pitch_bottom/01 028
028/controlled/SR300-laptop/0/color/pitch_bottom/02 028
028/controlled/SR300-laptop/0/color/pitch_bottom/03 028
028/controlled/SR300-laptop/0/color/pitch_bottom/04 028
028/controlled/SR300-laptop/1/color/pitch_bottom/00 028
028/controlled/SR300-laptop/1/color/pitch_bottom/01 028
028/controlled/SR300-laptop/1/color/pitch_bottom/02 028
028/controlled/SR300-laptop/1/color/pitch_bottom/03 028
028/controlled/SR300-laptop/1/color/pitch_bottom/04 028
028/controlled/SR300-mobile/0/color/pitch_bottom/00 028
028/controlled/SR300-mobile/0/color/pitch_bottom/01 028
028/controlled/SR300-mobile/0/color/pitch_bottom/02 028
028/controlled/SR300-mobile/0/color/pitch_bottom/03 028
028/controlled/SR300-mobile/0/color/pitch_bottom/04 028
028/controlled/SR300-mobile/1/color/pitch_bottom/00 028
028/controlled/SR300-mobile/1/color/pitch_bottom/01 028
028/controlled/SR300-mobile/1/color/pitch_bottom/02 028
028/controlled/SR300-mobile/1/color/pitch_bottom/03 028
028/controlled/SR300-mobile/1/color/pitch_bottom/04 028
029/controlled/SR300-laptop/0/color/pitch_bottom/00 029
029/controlled/SR300-laptop/0/color/pitch_bottom/01 029
029/controlled/SR300-laptop/0/color/pitch_bottom/02 029
029/controlled/SR300-laptop/1/color/pitch_bottom/00 029
029/controlled/SR300-laptop/1/color/pitch_bottom/01 029
029/controlled/SR300-mobile/0/color/pitch_bottom/00 029
029/controlled/SR300-mobile/0/color/pitch_bottom/01 029
029/controlled/SR300-mobile/0/color/pitch_bottom/02 029
029/controlled/SR300-mobile/0/color/pitch_bottom/03 029
029/controlled/SR300-mobile/0/color/pitch_bottom/04 029
029/controlled/SR300-mobile/0/color/pitch_bottom/05 029
029/controlled/SR300-mobile/0/color/pitch_bottom/06 029
029/controlled/SR300-mobile/1/color/pitch_bottom/00 029
029/controlled/SR300-mobile/1/color/pitch_bottom/01 029
029/controlled/SR300-mobile/1/color/pitch_bottom/02 029
029/controlled/SR300-mobile/1/color/pitch_bottom/03 029
029/controlled/SR300-mobile/1/color/pitch_bottom/04 029
029/controlled/SR300-mobile/1/color/pitch_bottom/05 029
030/controlled/SR300-laptop/0/color/pitch_bottom/00 030
030/controlled/SR300-laptop/0/color/pitch_bottom/01 030
030/controlled/SR300-laptop/0/color/pitch_bottom/02 030
030/controlled/SR300-laptop/0/color/pitch_bottom/03 030
030/controlled/SR300-laptop/0/color/pitch_bottom/04 030
030/controlled/SR300-laptop/0/color/pitch_bottom/05 030
030/controlled/SR300-laptop/1/color/pitch_bottom/00 030
030/controlled/SR300-laptop/1/color/pitch_bottom/01 030
030/controlled/SR300-laptop/1/color/pitch_bottom/02 030
030/controlled/SR300-laptop/1/color/pitch_bottom/03 030
030/controlled/SR300-laptop/1/color/pitch_bottom/04 030
030/controlled/SR300-mobile/0/color/pitch_bottom/00 030
030/controlled/SR300-mobile/0/color/pitch_bottom/01 030
030/controlled/SR300-mobile/0/color/pitch_bottom/02 030
030/controlled/SR300-mobile/0/color/pitch_bottom/03 030
030/controlled/SR300-mobile/1/color/pitch_bottom/00 030
030/controlled/SR300-mobile/1/color/pitch_bottom/01 030
030/controlled/SR300-mobile/1/color/pitch_bottom/02 030
030/controlled/SR300-mobile/1/color/pitch_bottom/03 030
030/controlled/SR300-mobile/1/color/pitch_bottom/04 030
030/controlled/SR300-mobile/1/color/pitch_bottom/05 030
031/controlled/SR300-laptop/0/color/pitch_bottom/00 031
031/controlled/SR300-laptop/0/color/pitch_bottom/01 031
031/controlled/SR300-laptop/0/color/pitch_bottom/02 031
031/controlled/SR300-laptop/0/color/pitch_bottom/03 031
031/controlled/SR300-laptop/1/color/pitch_bottom/00 031
031/controlled/SR300-laptop/1/color/pitch_bottom/01 031
031/controlled/SR300-laptop/1/color/pitch_bottom/02 031
031/controlled/SR300-laptop/1/color/pitch_bottom/03 031
031/controlled/SR300-mobile/0/color/pitch_bottom/00 031
031/controlled/SR300-mobile/0/color/pitch_bottom/01 031
031/controlled/SR300-mobile/0/color/pitch_bottom/02 031
031/controlled/SR300-mobile/0/color/pitch_bottom/03 031
031/controlled/SR300-mobile/1/color/pitch_bottom/00 031
031/controlled/SR300-mobile/1/color/pitch_bottom/01 031
031/controlled/SR300-mobile/1/color/pitch_bottom/02 031
032/controlled/SR300-laptop/0/color/pitch_bottom/00 032
032/controlled/SR300-laptop/0/color/pitch_bottom/01 032
032/controlled/SR300-laptop/0/color/pitch_bottom/02 032
032/controlled/SR300-laptop/0/color/pitch_bottom/03 032
032/controlled/SR300-laptop/0/color/pitch_bottom/04 032
032/controlled/SR300-laptop/0/color/pitch_bottom/05 032
032/controlled/SR300-laptop/1/color/pitch_bottom/00 032
032/controlled/SR300-laptop/1/color/pitch_bottom/01 032
032/controlled/SR300-laptop/1/color/pitch_bottom/02 032
032/controlled/SR300-laptop/1/color/pitch_bottom/03 032
032/controlled/SR300-laptop/1/color/pitch_bottom/04 032
032/controlled/SR300-laptop/1/color/pitch_bottom/05 032
032/controlled/SR300-mobile/0/color/pitch_bottom/00 032
032/controlled/SR300-mobile/0/color/pitch_bottom/01 032
032/controlled/SR300-mobile/0/color/pitch_bottom/02 032
032/controlled/SR300-mobile/0/color/pitch_bottom/03 032
032/controlled/SR300-mobile/0/color/pitch_bottom/04 032
032/controlled/SR300-mobile/0/color/pitch_bottom/05 032
032/controlled/SR300-mobile/1/color/pitch_bottom/00 032
032/controlled/SR300-mobile/1/color/pitch_bottom/01 032
032/controlled/SR300-mobile/1/color/pitch_bottom/02 032
032/controlled/SR300-mobile/1/color/pitch_bottom/03 032
032/controlled/SR300-mobile/1/color/pitch_bottom/04 032
033/controlled/SR300-laptop/0/color/pitch_bottom/00 033
033/controlled/SR300-laptop/0/color/pitch_bottom/01 033
033/controlled/SR300-laptop/0/color/pitch_bottom/02 033
033/controlled/SR300-laptop/0/color/pitch_bottom/03 033
033/controlled/SR300-laptop/0/color/pitch_bottom/04 033
033/controlled/SR300-laptop/1/color/pitch_bottom/00 033
033/controlled/SR300-laptop/1/color/pitch_bottom/01 033
033/controlled/SR300-laptop/1/color/pitch_bottom/02 033
033/controlled/SR300-laptop/1/color/pitch_bottom/03 033
033/controlled/SR300-mobile/0/color/pitch_bottom/00 033
033/controlled/SR300-mobile/0/color/pitch_bottom/01 033
033/controlled/SR300-mobile/0/color/pitch_bottom/02 033
033/controlled/SR300-mobile/0/color/pitch_bottom/03 033
033/controlled/SR300-mobile/1/color/pitch_bottom/00 033
033/controlled/SR300-mobile/1/color/pitch_bottom/01 033
033/controlled/SR300-mobile/1/color/pitch_bottom/02 033
033/controlled/SR300-mobile/1/color/pitch_bottom/03 033
033/controlled/SR300-mobile/1/color/pitch_bottom/04 033
034/controlled/SR300-laptop/0/color/pitch_bottom/00 034
034/controlled/SR300-laptop/0/color/pitch_bottom/01 034
034/controlled/SR300-laptop/0/color/pitch_bottom/02 034
034/controlled/SR300-laptop/0/color/pitch_bottom/03 034
034/controlled/SR300-laptop/0/color/pitch_bottom/04 034
034/controlled/SR300-laptop/0/color/pitch_bottom/05 034
034/controlled/SR300-laptop/1/color/pitch_bottom/00 034
034/controlled/SR300-laptop/1/color/pitch_bottom/01 034
034/controlled/SR300-laptop/1/color/pitch_bottom/02 034
034/controlled/SR300-laptop/1/color/pitch_bottom/03 034
034/controlled/SR300-mobile/0/color/pitch_bottom/00 034
034/controlled/SR300-mobile/0/color/pitch_bottom/01 034
034/controlled/SR300-mobile/0/color/pitch_bottom/02 034
034/controlled/SR300-mobile/0/color/pitch_bottom/03 034
034/controlled/SR300-mobile/0/color/pitch_bottom/04 034
034/controlled/SR300-mobile/0/color/pitch_bottom/05 034
034/controlled/SR300-mobile/1/color/pitch_bottom/00 034
034/controlled/SR300-mobile/1/color/pitch_bottom/01 034
034/controlled/SR300-mobile/1/color/pitch_bottom/02 034
034/controlled/SR300-mobile/1/color/pitch_bottom/03 034
034/controlled/SR300-mobile/1/color/pitch_bottom/04 034
035/controlled/SR300-laptop/0/color/pitch_bottom/00 035
035/controlled/SR300-laptop/0/color/pitch_bottom/01 035
035/controlled/SR300-laptop/0/color/pitch_bottom/02 035
035/controlled/SR300-laptop/0/color/pitch_bottom/03 035
035/controlled/SR300-laptop/1/color/pitch_bottom/00 035
035/controlled/SR300-laptop/1/color/pitch_bottom/01 035
035/controlled/SR300-laptop/1/color/pitch_bottom/02 035
035/controlled/SR300-laptop/1/color/pitch_bottom/03 035
035/controlled/SR300-mobile/0/color/pitch_bottom/00 035
035/controlled/SR300-mobile/0/color/pitch_bottom/01 035
035/controlled/SR300-mobile/0/color/pitch_bottom/02 035
035/controlled/SR300-mobile/0/color/pitch_bottom/03 035
035/controlled/SR300-mobile/0/color/pitch_bottom/04 035
035/controlled/SR300-mobile/1/color/pitch_bottom/00 035
035/controlled/SR300-mobile/1/color/pitch_bottom/01 035
035/controlled/SR300-mobile/1/color/pitch_bottom/02 035
035/controlled/SR300-mobile/1/color/pitch_bottom/03 035
035/controlled/SR300-mobile/1/color/pitch_bottom/04 035
035/controlled/SR300-mobile/1/color/pitch_bottom/05 035
036/controlled/SR300-laptop/0/color/pitch_bottom/00 036
036/controlled/SR300-laptop/0/color/pitch_bottom/01 036
036/controlled/SR300-laptop/0/color/pitch_bottom/02 036
036/controlled/SR300-laptop/1/color/pitch_bottom/00 036
036/controlled/SR300-laptop/1/color/pitch_bottom/01 036
036/controlled/SR300-laptop/1/color/pitch_bottom/02 036
036/controlled/SR300-laptop/1/color/pitch_bottom/03 036
036/controlled/SR300-laptop/1/color/pitch_bottom/04 036
036/controlled/SR300-mobile/0/color/pitch_bottom/00 036
036/controlled/SR300-mobile/0/color/pitch_bottom/01 036
036/controlled/SR300-mobile/0/color/pitch_bottom/02 036
036/controlled/SR300-mobile/0/color/pitch_bottom/03 036
036/controlled/SR300-mobile/0/color/pitch_bottom/04 036
036/controlled/SR300-mobile/1/color/pitch_bottom/00 036
036/controlled/SR300-mobile/1/color/pitch_bottom/01 036
036/controlled/SR300-mobile/1/color/pitch_bottom/02 036
036/controlled/SR300-mobile/1/color/pitch_bottom/03 036
036/controlled/SR300-mobile/1/color/pitch_bottom/04 036
036/controlled/SR300-mobile/1/color/pitch_bottom/05 036
037/controlled/SR300-laptop/0/color/pitch_bottom/00 037
037/controlled/SR300-laptop/0/color/pitch_bottom/01 037
037/controlled/SR300-laptop/0/color/pitch_bottom/02 037
037/controlled/SR300-laptop/0/color/pitch_bottom/03 037
037/controlled/SR300-laptop/0/color/pitch_bottom/04 037
037/controlled/SR300-laptop/1/color/pitch_bottom/00 037
037/controlled/SR300-laptop/1/color/pitch_bottom/01 037
037/controlled/SR300-laptop/1/color/pitch_bottom/02 037
037/controlled/SR300-laptop/1/color/pitch_bottom/03 037
037/controlled/SR300-laptop/1/color/pitch_bottom/04 037
037/controlled/SR300-laptop/1/color/pitch_bottom/05 037
037/controlled/SR300-mobile/0/color/pitch_bottom/00 037
037/controlled/SR300-mobile/0/color/pitch_bottom/01 037
037/controlled/SR300-mobile/0/color/pitch_bottom/02 037
037/controlled/SR300-mobile/0/color/pitch_bottom/03 037
037/controlled/SR300-mobile/0/color/pitch_bottom/04 037
037/controlled/SR300-mobile/0/color/pitch_bottom/05 037
037/controlled/SR300-mobile/1/color/pitch_bottom/00 037
037/controlled/SR300-mobile/1/color/pitch_bottom/01 037
037/controlled/SR300-mobile/1/color/pitch_bottom/02 037
037/controlled/SR300-mobile/1/color/pitch_bottom/03 037
037/controlled/SR300-mobile/1/color/pitch_bottom/04 037
037/controlled/SR300-mobile/1/color/pitch_bottom/05 037
037/controlled/SR300-mobile/1/color/pitch_bottom/06 037
038/controlled/SR300-laptop/0/color/pitch_bottom/00 038
038/controlled/SR300-laptop/0/color/pitch_bottom/01 038
038/controlled/SR300-laptop/0/color/pitch_bottom/02 038
038/controlled/SR300-laptop/0/color/pitch_bottom/03 038
038/controlled/SR300-laptop/0/color/pitch_bottom/04 038
038/controlled/SR300-laptop/0/color/pitch_bottom/05 038
038/controlled/SR300-laptop/1/color/pitch_bottom/00 038
038/controlled/SR300-laptop/1/color/pitch_bottom/01 038
038/controlled/SR300-laptop/1/color/pitch_bottom/02 038
038/controlled/SR300-laptop/1/color/pitch_bottom/03 038
038/controlled/SR300-laptop/1/color/pitch_bottom/04 038
038/controlled/SR300-laptop/1/color/pitch_bottom/05 038
038/controlled/SR300-mobile/0/color/pitch_bottom/00 038
038/controlled/SR300-mobile/0/color/pitch_bottom/01 038
038/controlled/SR300-mobile/0/color/pitch_bottom/02 038
038/controlled/SR300-mobile/0/color/pitch_bottom/03 038
038/controlled/SR300-mobile/0/color/pitch_bottom/04 038
038/controlled/SR300-mobile/0/color/pitch_bottom/05 038
038/controlled/SR300-mobile/1/color/pitch_bottom/00 038
038/controlled/SR300-mobile/1/color/pitch_bottom/01 038
038/controlled/SR300-mobile/1/color/pitch_bottom/02 038
038/controlled/SR300-mobile/1/color/pitch_bottom/03 038
038/controlled/SR300-mobile/1/color/pitch_bottom/04 038
038/controlled/SR300-mobile/1/color/pitch_bottom/05 038
038/controlled/SR300-mobile/1/color/pitch_bottom/06 038
039/controlled/SR300-laptop/0/color/pitch_bottom/00 039
039/controlled/SR300-laptop/0/color/pitch_bottom/01 039
039/controlled/SR300-laptop/1/color/pitch_bottom/00 039
039/controlled/SR300-laptop/1/color/pitch_bottom/01 039
039/controlled/SR300-laptop/1/color/pitch_bottom/02 039
039/controlled/SR300-mobile/0/color/pitch_bottom/00 039
039/controlled/SR300-mobile/0/color/pitch_bottom/01 039
039/controlled/SR300-mobile/0/color/pitch_bottom/02 039
039/controlled/SR300-mobile/0/color/pitch_bottom/03 039
039/controlled/SR300-mobile/0/color/pitch_bottom/04 039
039/controlled/SR300-mobile/1/color/pitch_bottom/00 039
039/controlled/SR300-mobile/1/color/pitch_bottom/01 039
039/controlled/SR300-mobile/1/color/pitch_bottom/02 039
039/controlled/SR300-mobile/1/color/pitch_bottom/03 039
039/controlled/SR300-mobile/1/color/pitch_bottom/04 039
040/controlled/SR300-laptop/0/color/pitch_bottom/00 040
040/controlled/SR300-laptop/0/color/pitch_bottom/01 040
040/controlled/SR300-laptop/0/color/pitch_bottom/02 040
040/controlled/SR300-laptop/0/color/pitch_bottom/03 040
040/controlled/SR300-laptop/1/color/pitch_bottom/00 040
040/controlled/SR300-laptop/1/color/pitch_bottom/01 040
040/controlled/SR300-laptop/1/color/pitch_bottom/02 040
040/controlled/SR300-mobile/0/color/pitch_bottom/00 040
040/controlled/SR300-mobile/0/color/pitch_bottom/01 040
040/controlled/SR300-mobile/0/color/pitch_bottom/02 040
040/controlled/SR300-mobile/0/color/pitch_bottom/03 040
040/controlled/SR300-mobile/1/color/pitch_bottom/00 040
040/controlled/SR300-mobile/1/color/pitch_bottom/01 040
040/controlled/SR300-mobile/1/color/pitch_bottom/02 040
040/controlled/SR300-mobile/1/color/pitch_bottom/03 040
041/controlled/SR300-laptop/0/color/pitch_bottom/00 041
041/controlled/SR300-laptop/0/color/pitch_bottom/01 041
041/controlled/SR300-laptop/0/color/pitch_bottom/02 041
041/controlled/SR300-laptop/0/color/pitch_bottom/03 041
041/controlled/SR300-laptop/1/color/pitch_bottom/00 041
041/controlled/SR300-laptop/1/color/pitch_bottom/01 041
041/controlled/SR300-laptop/1/color/pitch_bottom/02 041
041/controlled/SR300-laptop/1/color/pitch_bottom/03 041
041/controlled/SR300-mobile/0/color/pitch_bottom/00 041
041/controlled/SR300-mobile/0/color/pitch_bottom/01 041
041/controlled/SR300-mobile/0/color/pitch_bottom/02 041
041/controlled/SR300-mobile/0/color/pitch_bottom/03 041
041/controlled/SR300-mobile/1/color/pitch_bottom/00 041
041/controlled/SR300-mobile/1/color/pitch_bottom/01 041
041/controlled/SR300-mobile/1/color/pitch_bottom/02 041
041/controlled/SR300-mobile/1/color/pitch_bottom/03 041
041/controlled/SR300-mobile/1/color/pitch_bottom/04 041
042/controlled/SR300-laptop/0/color/pitch_bottom/00 042
042/controlled/SR300-laptop/0/color/pitch_bottom/01 042
042/controlled/SR300-laptop/0/color/pitch_bottom/02 042
042/controlled/SR300-laptop/0/color/pitch_bottom/03 042
042/controlled/SR300-laptop/1/color/pitch_bottom/00 042
042/controlled/SR300-laptop/1/color/pitch_bottom/01 042
042/controlled/SR300-laptop/1/color/pitch_bottom/02 042
042/controlled/SR300-laptop/1/color/pitch_bottom/03 042
042/controlled/SR300-laptop/1/color/pitch_bottom/04 042
042/controlled/SR300-laptop/1/color/pitch_bottom/05 042
042/controlled/SR300-mobile/0/color/pitch_bottom/00 042
042/controlled/SR300-mobile/0/color/pitch_bottom/01 042
042/controlled/SR300-mobile/0/color/pitch_bottom/02 042
042/controlled/SR300-mobile/0/color/pitch_bottom/03 042
042/controlled/SR300-mobile/0/color/pitch_bottom/04 042
042/controlled/SR300-mobile/1/color/pitch_bottom/00 042
042/controlled/SR300-mobile/1/color/pitch_bottom/01 042
042/controlled/SR300-mobile/1/color/pitch_bottom/02 042
042/controlled/SR300-mobile/1/color/pitch_bottom/03 042
043/controlled/SR300-laptop/0/color/pitch_bottom/00 043
043/controlled/SR300-laptop/0/color/pitch_bottom/01 043
043/controlled/SR300-laptop/0/color/pitch_bottom/02 043
043/controlled/SR300-laptop/0/color/pitch_bottom/03 043
043/controlled/SR300-laptop/0/color/pitch_bottom/04 043
043/controlled/SR300-laptop/0/color/pitch_bottom/05 043
043/controlled/SR300-laptop/1/color/pitch_bottom/00 043
043/controlled/SR300-laptop/1/color/pitch_bottom/01 043
043/controlled/SR300-laptop/1/color/pitch_bottom/02 043
043/controlled/SR300-laptop/1/color/pitch_bottom/03 043
043/controlled/SR300-laptop/1/color/pitch_bottom/04 043
043/controlled/SR300-laptop/1/color/pitch_bottom/05 043
043/controlled/SR300-mobile/0/color/pitch_bottom/00 043
043/controlled/SR300-mobile/0/color/pitch_bottom/01 043
043/controlled/SR300-mobile/0/color/pitch_bottom/02 043
043/controlled/SR300-mobile/0/color/pitch_bottom/03 043
043/controlled/SR300-mobile/0/color/pitch_bottom/04 043
043/controlled/SR300-mobile/0/color/pitch_bottom/05 043
043/controlled/SR300-mobile/1/color/pitch_bottom/00 043
043/controlled/SR300-mobile/1/color/pitch_bottom/01 043
043/controlled/SR300-mobile/1/color/pitch_bottom/02 043
043/controlled/SR300-mobile/1/color/pitch_bottom/03 043
043/controlled/SR300-mobile/1/color/pitch_bottom/04 043
043/controlled/SR300-mobile/1/color/pitch_bottom/05 043
044/controlled/SR300-laptop/0/color/pitch_bottom/00 044
044/controlled/SR300-laptop/0/color/pitch_bottom/01 044
044/controlled/SR300-laptop/0/color/pitch_bottom/02 044
044/controlled/SR300-laptop/0/color/pitch_bottom/03 044
044/controlled/SR300-laptop/1/color/pitch_bottom/00 044
044/controlled/SR300-laptop/1/color/pitch_bottom/01 044
044/controlled/SR300-laptop/1/color/pitch_bottom/02 044
044/controlled/SR300-mobile/0/color/pitch_bottom/00 044
044/controlled/SR300-mobile/0/color/pitch_bottom/01 044
044/controlled/SR300-mobile/0/color/pitch_bottom/02 044
044/controlled/SR300-mobile/0/color/pitch_bottom/03 044
044/controlled/SR300-mobile/0/color/pitch_bottom/04 044
044/controlled/SR300-mobile/1/color/pitch_bottom/00 044
044/controlled/SR300-mobile/1/color/pitch_bottom/01 044
044/controlled/SR300-mobile/1/color/pitch_bottom/02 044
044/controlled/SR300-mobile/1/color/pitch_bottom/03 044
044/controlled/SR300-mobile/1/color/pitch_bottom/04 044
045/controlled/SR300-laptop/0/color/pitch_bottom/00 045
045/controlled/SR300-laptop/0/color/pitch_bottom/01 045
045/controlled/SR300-laptop/0/color/pitch_bottom/02 045
045/controlled/SR300-laptop/0/color/pitch_bottom/03 045
045/controlled/SR300-laptop/0/color/pitch_bottom/04 045
045/controlled/SR300-laptop/1/color/pitch_bottom/00 045
045/controlled/SR300-laptop/1/color/pitch_bottom/01 045
045/controlled/SR300-laptop/1/color/pitch_bottom/02 045
045/controlled/SR300-laptop/1/color/pitch_bottom/03 045
045/controlled/SR300-laptop/1/color/pitch_bottom/04 045
045/controlled/SR300-mobile/0/color/pitch_bottom/00 045
045/controlled/SR300-mobile/0/color/pitch_bottom/01 045
045/controlled/SR300-mobile/0/color/pitch_bottom/02 045
045/controlled/SR300-mobile/0/color/pitch_bottom/03 045
045/controlled/SR300-mobile/0/color/pitch_bottom/04 045
045/controlled/SR300-mobile/0/color/pitch_bottom/05 045
045/controlled/SR300-mobile/1/color/pitch_bottom/00 045
045/controlled/SR300-mobile/1/color/pitch_bottom/01 045
045/controlled/SR300-mobile/1/color/pitch_bottom/02 045
045/controlled/SR300-mobile/1/color/pitch_bottom/03 045
045/controlled/SR300-mobile/1/color/pitch_bottom/04 045
046/controlled/SR300-laptop/0/color/pitch_bottom/00 046
046/controlled/SR300-laptop/0/color/pitch_bottom/01 046
046/controlled/SR300-laptop/0/color/pitch_bottom/02 046
046/controlled/SR300-laptop/0/color/pitch_bottom/03 046
046/controlled/SR300-laptop/1/color/pitch_bottom/00 046
046/controlled/SR300-laptop/1/color/pitch_bottom/01 046
046/controlled/SR300-laptop/1/color/pitch_bottom/02 046
046/controlled/SR300-laptop/1/color/pitch_bottom/03 046
046/controlled/SR300-mobile/0/color/pitch_bottom/00 046
046/controlled/SR300-mobile/0/color/pitch_bottom/01 046
046/controlled/SR300-mobile/0/color/pitch_bottom/02 046
046/controlled/SR300-mobile/0/color/pitch_bottom/03 046
046/controlled/SR300-mobile/1/color/pitch_bottom/00 046
046/controlled/SR300-mobile/1/color/pitch_bottom/01 046
046/controlled/SR300-mobile/1/color/pitch_bottom/02 046
046/controlled/SR300-mobile/1/color/pitch_bottom/03 046
046/controlled/SR300-mobile/1/color/pitch_bottom/04 046
047/controlled/SR300-laptop/0/color/pitch_bottom/00 047
047/controlled/SR300-laptop/0/color/pitch_bottom/01 047
047/controlled/SR300-laptop/0/color/pitch_bottom/02 047
047/controlled/SR300-laptop/0/color/pitch_bottom/03 047
047/controlled/SR300-laptop/1/color/pitch_bottom/00 047
047/controlled/SR300-laptop/1/color/pitch_bottom/01 047
047/controlled/SR300-laptop/1/color/pitch_bottom/02 047
047/controlled/SR300-laptop/1/color/pitch_bottom/03 047
047/controlled/SR300-mobile/0/color/pitch_bottom/00 047
047/controlled/SR300-mobile/0/color/pitch_bottom/01 047
047/controlled/SR300-mobile/0/color/pitch_bottom/02 047
047/controlled/SR300-mobile/0/color/pitch_bottom/03 047
047/controlled/SR300-mobile/1/color/pitch_bottom/00 047
047/controlled/SR300-mobile/1/color/pitch_bottom/01 047
047/controlled/SR300-mobile/1/color/pitch_bottom/02 047
047/controlled/SR300-mobile/1/color/pitch_bottom/03 047
048/controlled/SR300-laptop/0/color/pitch_bottom/00 048
048/controlled/SR300-laptop/0/color/pitch_bottom/01 048
048/controlled/SR300-laptop/0/color/pitch_bottom/02 048
048/controlled/SR300-laptop/0/color/pitch_bottom/03 048
048/controlled/SR300-laptop/1/color/pitch_bottom/00 048
048/controlled/SR300-laptop/1/color/pitch_bottom/01 048
048/controlled/SR300-laptop/1/color/pitch_bottom/02 048
048/controlled/SR300-mobile/0/color/pitch_bottom/00 048
048/controlled/SR300-mobile/0/color/pitch_bottom/01 048
048/controlled/SR300-mobile/0/color/pitch_bottom/02 048
048/controlled/SR300-mobile/1/color/pitch_bottom/00 048
048/controlled/SR300-mobile/1/color/pitch_bottom/01 048
048/controlled/SR300-mobile/1/color/pitch_bottom/02 048
048/controlled/SR300-mobile/1/color/pitch_bottom/03 048
049/controlled/SR300-laptop/0/color/pitch_bottom/00 049
049/controlled/SR300-laptop/0/color/pitch_bottom/01 049
049/controlled/SR300-laptop/0/color/pitch_bottom/02 049
049/controlled/SR300-laptop/0/color/pitch_bottom/03 049
049/controlled/SR300-laptop/1/color/pitch_bottom/00 049
049/controlled/SR300-laptop/1/color/pitch_bottom/01 049
049/controlled/SR300-laptop/1/color/pitch_bottom/02 049
049/controlled/SR300-laptop/1/color/pitch_bottom/03 049
049/controlled/SR300-laptop/1/color/pitch_bottom/04 049
049/controlled/SR300-mobile/0/color/pitch_bottom/00 049
049/controlled/SR300-mobile/0/color/pitch_bottom/01 049
049/controlled/SR300-mobile/0/color/pitch_bottom/02 049
049/controlled/SR300-mobile/0/color/pitch_bottom/03 049
049/controlled/SR300-mobile/0/color/pitch_bottom/04 049
049/controlled/SR300-mobile/1/color/pitch_bottom/00 049
049/controlled/SR300-mobile/1/color/pitch_bottom/01 049
049/controlled/SR300-mobile/1/color/pitch_bottom/02 049
049/controlled/SR300-mobile/1/color/pitch_bottom/03 049
050/controlled/SR300-laptop/0/color/pitch_bottom/00 050
050/controlled/SR300-laptop/0/color/pitch_bottom/01 050
050/controlled/SR300-laptop/0/color/pitch_bottom/02 050
050/controlled/SR300-laptop/0/color/pitch_bottom/03 050
050/controlled/SR300-laptop/1/color/pitch_bottom/00 050
050/controlled/SR300-laptop/1/color/pitch_bottom/01 050
050/controlled/SR300-laptop/1/color/pitch_bottom/02 050
050/controlled/SR300-laptop/1/color/pitch_bottom/03 050
050/controlled/SR300-laptop/1/color/pitch_bottom/04 050
050/controlled/SR300-laptop/1/color/pitch_bottom/05 050
050/controlled/SR300-mobile/0/color/pitch_bottom/00 050
050/controlled/SR300-mobile/0/color/pitch_bottom/01 050
050/controlled/SR300-mobile/0/color/pitch_bottom/02 050
050/controlled/SR300-mobile/0/color/pitch_bottom/03 050
050/controlled/SR300-mobile/0/color/pitch_bottom/04 050
050/controlled/SR300-mobile/0/color/pitch_bottom/05 050
050/controlled/SR300-mobile/0/color/pitch_bottom/06 050
050/controlled/SR300-mobile/1/color/pitch_bottom/00 050
050/controlled/SR300-mobile/1/color/pitch_bottom/01 050
050/controlled/SR300-mobile/1/color/pitch_bottom/02 050
050/controlled/SR300-mobile/1/color/pitch_bottom/03 050
050/controlled/SR300-mobile/1/color/pitch_bottom/04 050
