026/outdoor/SR300-laptop/0/color/pitch_bottom/00 026
026/outdoor/SR300-laptop/0/color/pitch_bottom/01 026
026/outdoor/SR300-laptop/0/color/pitch_bottom/02 026
026/outdoor/SR300-laptop/1/color/pitch_bottom/00 026
026/outdoor/SR300-laptop/1/color/pitch_bottom/01 026
026/outdoor/SR300-laptop/1/color/pitch_bottom/02 026
026/outdoor/SR300-mobile/0/color/pitch_bottom/00 026
026/outdoor/SR300-mobile/0/color/pitch_bottom/01 026
026/outdoor/SR300-mobile/0/color/pitch_bottom/02 026
026/outdoor/SR300-mobile/1/color/pitch_bottom/00 026
026/outdoor/SR300-mobile/1/color/pitch_bottom/01 026
026/outdoor/SR300-mobile/1/color/pitch_bottom/02 026
027/outdoor/SR300-laptop/0/color/pitch_bottom/00 027
027/outdoor/SR300-laptop/0/color/pitch_bottom/01 027
027/outdoor/SR300-laptop/0/color/pitch_bottom/02 027
027/outdoor/SR300-laptop/0/color/pitch_bottom/03 027
027/outdoor/SR300-laptop/0/color/pitch_bottom/04 027
027/outdoor/SR300-laptop/1/color/pitch_bottom/00 027
027/outdoor/SR300-laptop/1/color/pitch_bottom/01 027
027/outdoor/SR300-laptop/1/color/pitch_bottom/02 027
027/outdoor/SR300-mobile/0/color/pitch_bottom/00 027
027/outdoor/SR300-mobile/0/color/pitch_bottom/01 027
027/outdoor/SR300-mobile/0/color/pitch_bottom/02 027
027/outdoor/SR300-mobile/0/color/pitch_bottom/03 027
027/outdoor/SR300-mobile/0/color/pitch_bottom/04 027
027/outdoor/SR300-mobile/1/color/pitch_bottom/00 027
027/outdoor/SR300-mobile/1/color/pitch_bottom/01 027
027/outdoor/SR300-mobile/1/color/pitch_bottom/02 027
027/outdoor/SR300-mobile/1/color/pitch_bottom/03 027
027/outdoor/SR300-mobile/1/color/pitch_bottom/04 027
028/outdoor/SR300-laptop/0/color/pitch_bottom/00 028
028/outdoor/SR300-laptop/0/color/pitch_bottom/01 028
028/outdoor/SR300-laptop/0/color/pitch_bottom/02 028
028/outdoor/SR300-laptop/1/color/pitch_bottom/00 028
028/outdoor/SR300-laptop/1/color/pitch_bottom/01 028
028/outdoor/SR300-mobile/0/color/pitch_bottom/00 028
028/outdoor/SR300-mobile/0/color/pitch_bottom/01 028
028/outdoor/SR300-mobile/0/color/pitch_bottom/02 028
028/outdoor/SR300-mobile/0/color/pitch_bottom/03 028
028/outdoor/SR300-mobile/1/color/pitch_bottom/00 028
028/outdoor/SR300-mobile/1/color/pitch_bottom/01 028
028/outdoor/SR300-mobile/1/color/pitch_bottom/02 028
028/outdoor/SR300-mobile/1/color/pitch_bottom/03 028
029/outdoor/SR300-laptop/0/color/pitch_bottom/00 029
029/outdoor/SR300-laptop/0/color/pitch_bottom/01 029
029/outdoor/SR300-laptop/0/color/pitch_bottom/02 029
029/outdoor/SR300-laptop/0/color/pitch_bottom/03 029
029/outdoor/SR300-laptop/1/color/pitch_bottom/00 029
029/outdoor/SR300-laptop/1/color/pitch_bottom/01 029
029/outdoor/SR300-laptop/1/color/pitch_bottom/02 029
029/outdoor/SR300-mobile/0/color/pitch_bottom/00 029
029/outdoor/SR300-mobile/0/color/pitch_bottom/01 029
029/outdoor/SR300-mobile/0/color/pitch_bottom/02 029
029/outdoor/SR300-mobile/0/color/pitch_bottom/03 029
029/outdoor/SR300-mobile/0/color/pitch_bottom/04 029
029/outdoor/SR300-mobile/1/color/pitch_bottom/00 029
029/outdoor/SR300-mobile/1/color/pitch_bottom/01 029
029/outdoor/SR300-mobile/1/color/pitch_bottom/02 029
029/outdoor/SR300-mobile/1/color/pitch_bottom/03 029
029/outdoor/SR300-mobile/1/color/pitch_bottom/04 029
030/outdoor/SR300-laptop/0/color/pitch_bottom/00 030
030/outdoor/SR300-laptop/0/color/pitch_bottom/01 030
030/outdoor/SR300-laptop/0/color/pitch_bottom/02 030
030/outdoor/SR300-laptop/1/color/pitch_bottom/00 030
030/outdoor/SR300-laptop/1/color/pitch_bottom/01 030
030/outdoor/SR300-laptop/1/color/pitch_bottom/02 030
030/outdoor/SR300-mobile/0/color/pitch_bottom/00 030
030/outdoor/SR300-mobile/0/color/pitch_bottom/01 030
030/outdoor/SR300-mobile/0/color/pitch_bottom/02 030
030/outdoor/SR300-mobile/0/color/pitch_bottom/03 030
030/outdoor/SR300-mobile/1/color/pitch_bottom/00 030
030/outdoor/SR300-mobile/1/color/pitch_bottom/01 030
030/outdoor/SR300-mobile/1/color/pitch_bottom/02 030
030/outdoor/SR300-mobile/1/color/pitch_bottom/03 030
030/outdoor/SR300-mobile/1/color/pitch_bottom/04 030
031/outdoor/SR300-laptop/0/color/pitch_bottom/00 031
031/outdoor/SR300-laptop/0/color/pitch_bottom/01 031
031/outdoor/SR300-laptop/0/color/pitch_bottom/02 031
031/outdoor/SR300-laptop/1/color/pitch_bottom/00 031
031/outdoor/SR300-laptop/1/color/pitch_bottom/01 031
031/outdoor/SR300-laptop/1/color/pitch_bottom/02 031
031/outdoor/SR300-mobile/0/color/pitch_bottom/00 031
031/outdoor/SR300-mobile/0/color/pitch_bottom/01 031
031/outdoor/SR300-mobile/0/color/pitch_bottom/02 031
031/outdoor/SR300-mobile/0/color/pitch_bottom/03 031
031/outdoor/SR300-mobile/1/color/pitch_bottom/00 031
031/outdoor/SR300-mobile/1/color/pitch_bottom/01 031
031/outdoor/SR300-mobile/1/color/pitch_bottom/02 031
032/outdoor/SR300-laptop/0/color/pitch_bottom/00 032
032/outdoor/SR300-laptop/0/color/pitch_bottom/01 032
032/outdoor/SR300-laptop/0/color/pitch_bottom/02 032
032/outdoor/SR300-laptop/1/color/pitch_bottom/00 032
032/outdoor/SR300-laptop/1/color/pitch_bottom/01 032
032/outdoor/SR300-mobile/0/color/pitch_bottom/00 032
032/outdoor/SR300-mobile/0/color/pitch_bottom/01 032
032/outdoor/SR300-mobile/0/color/pitch_bottom/02 032
032/outdoor/SR300-mobile/1/color/pitch_bottom/00 032
032/outdoor/SR300-mobile/1/color/pitch_bottom/01 032
032/outdoor/SR300-mobile/1/color/pitch_bottom/02 032
033/outdoor/SR300-laptop/0/color/pitch_bottom/00 033
033/outdoor/SR300-laptop/0/color/pitch_bottom/01 033
033/outdoor/SR300-laptop/0/color/pitch_bottom/02 033
033/outdoor/SR300-laptop/0/color/pitch_bottom/03 033
033/outdoor/SR300-laptop/1/color/pitch_bottom/00 033
033/outdoor/SR300-laptop/1/color/pitch_bottom/01 033
033/outdoor/SR300-mobile/0/color/pitch_bottom/00 033
033/outdoor/SR300-mobile/0/color/pitch_bottom/01 033
033/outdoor/SR300-mobile/0/color/pitch_bottom/02 033
033/outdoor/SR300-mobile/0/color/pitch_bottom/03 033
033/outdoor/SR300-mobile/0/color/pitch_bottom/04 033
033/outdoor/SR300-mobile/1/color/pitch_bottom/00 033
033/outdoor/SR300-mobile/1/color/pitch_bottom/01 033
033/outdoor/SR300-mobile/1/color/pitch_bottom/02 033
034/outdoor/SR300-laptop/0/color/pitch_bottom/00 034
034/outdoor/SR300-laptop/0/color/pitch_bottom/01 034
034/outdoor/SR300-laptop/0/color/pitch_bottom/02 034
034/outdoor/SR300-laptop/0/color/pitch_bottom/03 034
034/outdoor/SR300-laptop/1/color/pitch_bottom/00 034
034/outdoor/SR300-laptop/1/color/pitch_bottom/01 034
034/outdoor/SR300-laptop/1/color/pitch_bottom/02 034
034/outdoor/SR300-mobile/0/color/pitch_bottom/00 034
034/outdoor/SR300-mobile/0/color/pitch_bottom/01 034
034/outdoor/SR300-mobile/0/color/pitch_bottom/02 034
034/outdoor/SR300-mobile/0/color/pitch_bottom/03 034
034/outdoor/SR300-mobile/1/color/pitch_bottom/00 034
034/outdoor/SR300-mobile/1/color/pitch_bottom/01 034
034/outdoor/SR300-mobile/1/color/pitch_bottom/02 034
034/outdoor/SR300-mobile/1/color/pitch_bottom/03 034
035/outdoor/SR300-laptop/0/color/pitch_bottom/00 035
035/outdoor/SR300-laptop/0/color/pitch_bottom/01 035
035/outdoor/SR300-laptop/0/color/pitch_bottom/02 035
035/outdoor/SR300-laptop/0/color/pitch_bottom/03 035
035/outdoor/SR300-laptop/0/color/pitch_bottom/04 035
035/outdoor/SR300-laptop/1/color/pitch_bottom/00 035
035/outdoor/SR300-laptop/1/color/pitch_bottom/01 035
035/outdoor/SR300-laptop/1/color/pitch_bottom/02 035
035/outdoor/SR300-mobile/0/color/pitch_bottom/00 035
035/outdoor/SR300-mobile/0/color/pitch_bottom/01 035
035/outdoor/SR300-mobile/0/color/pitch_bottom/02 035
035/outdoor/SR300-mobile/1/color/pitch_bottom/00 035
035/outdoor/SR300-mobile/1/color/pitch_bottom/01 035
035/outdoor/SR300-mobile/1/color/pitch_bottom/02 035
035/outdoor/SR300-mobile/1/color/pitch_bottom/03 035
035/outdoor/SR300-mobile/1/color/pitch_bottom/04 035
036/outdoor/SR300-laptop/0/color/pitch_bottom/00 036
036/outdoor/SR300-laptop/0/color/pitch_bottom/01 036
036/outdoor/SR300-laptop/0/color/pitch_bottom/02 036
036/outdoor/SR300-laptop/0/color/pitch_bottom/03 036
036/outdoor/SR300-laptop/0/color/pitch_bottom/04 036
036/outdoor/SR300-laptop/1/color/pitch_bottom/00 036
036/outdoor/SR300-laptop/1/color/pitch_bottom/01 036
036/outdoor/SR300-laptop/1/color/pitch_bottom/02 036
036/outdoor/SR300-mobile/0/color/pitch_bottom/00 036
036/outdoor/SR300-mobile/0/color/pitch_bottom/01 036
036/outdoor/SR300-mobile/0/color/pitch_bottom/02 036
036/outdoor/SR300-mobile/1/color/pitch_bottom/00 036
036/outdoor/SR300-mobile/1/color/pitch_bottom/01 036
036/outdoor/SR300-mobile/1/color/pitch_bottom/02 036
036/outdoor/SR300-mobile/1/color/pitch_bottom/03 036
037/outdoor/SR300-laptop/0/color/pitch_bottom/00 037
037/outdoor/SR300-laptop/0/color/pitch_bottom/01 037
037/outdoor/SR300-laptop/0/color/pitch_bottom/02 037
037/outdoor/SR300-laptop/0/color/pitch_bottom/03 037
037/outdoor/SR300-laptop/1/color/pitch_bottom/00 037
037/outdoor/SR300-laptop/1/color/pitch_bottom/01 037
037/outdoor/SR300-laptop/1/color/pitch_bottom/02 037
037/outdoor/SR300-laptop/1/color/pitch_bottom/03 037
037/outdoor/SR300-mobile/0/color/pitch_bottom/00 037
037/outdoor/SR300-mobile/0/color/pitch_bottom/01 037
037/outdoor/SR300-mobile/0/color/pitch_bottom/02 037
037/outdoor/SR300-mobile/0/color/pitch_bottom/03 037
037/outdoor/SR300-mobile/0/color/pitch_bottom/04 037
037/outdoor/SR300-mobile/1/color/pitch_bottom/00 037
037/outdoor/SR300-mobile/1/color/pitch_bottom/01 037
037/outdoor/SR300-mobile/1/color/pitch_bottom/02 037
037/outdoor/SR300-mobile/1/color/pitch_bottom/03 037
037/outdoor/SR300-mobile/1/color/pitch_bottom/04 037
038/outdoor/SR300-laptop/0/color/pitch_bottom/00 038
038/outdoor/SR300-laptop/0/color/pitch_bottom/01 038
038/outdoor/SR300-laptop/0/color/pitch_bottom/02 038
038/outdoor/SR300-laptop/1/color/pitch_bottom/00 038
038/outdoor/SR300-laptop/1/color/pitch_bottom/01 038
038/outdoor/SR300-laptop/1/color/pitch_bottom/02 038
038/outdoor/SR300-laptop/1/color/pitch_bottom/03 038
038/outdoor/SR300-mobile/0/color/pitch_bottom/00 038
038/outdoor/SR300-mobile/0/color/pitch_bottom/01 038
038/outdoor/SR300-mobile/0/color/pitch_bottom/02 038
038/outdoor/SR300-mobile/0/color/pitch_bottom/03 038
038/outdoor/SR300-mobile/0/color/pitch_bottom/04 038
038/outdoor/SR300-mobile/1/color/pitch_bottom/00 038
038/outdoor/SR300-mobile/1/color/pitch_bottom/01 038
038/outdoor/SR300-mobile/1/color/pitch_bottom/02 038
038/outdoor/SR300-mobile/1/color/pitch_bottom/03 038
038/outdoor/SR300-mobile/1/color/pitch_bottom/04 038
039/outdoor/SR300-laptop/0/color/pitch_bottom/00 039
039/outdoor/SR300-laptop/0/color/pitch_bottom/01 039
039/outdoor/SR300-laptop/0/color/pitch_bottom/02 039
039/outdoor/SR300-laptop/1/color/pitch_bottom/00 039
039/outdoor/SR300-laptop/1/color/pitch_bottom/01 039
039/outdoor/SR300-laptop/1/color/pitch_bottom/02 039
039/outdoor/SR300-mobile/0/color/pitch_bottom/00 039
039/outdoor/SR300-mobile/0/color/pitch_bottom/01 039
039/outdoor/SR300-mobile/1/color/pitch_bottom/00 039
039/outdoor/SR300-mobile/1/color/pitch_bottom/01 039
039/outdoor/SR300-mobile/1/color/pitch_bottom/02 039
039/outdoor/SR300-mobile/1/color/pitch_bottom/03 039
040/outdoor/SR300-laptop/0/color/pitch_bottom/00 040
040/outdoor/SR300-laptop/0/color/pitch_bottom/01 040
040/outdoor/SR300-laptop/1/color/pitch_bottom/00 040
040/outdoor/SR300-laptop/1/color/pitch_bottom/01 040
040/outdoor/SR300-mobile/0/color/pitch_bottom/00 040
040/outdoor/SR300-mobile/0/color/pitch_bottom/01 040
040/outdoor/SR300-mobile/0/color/pitch_bottom/02 040
040/outdoor/SR300-mobile/0/color/pitch_bottom/03 040
040/outdoor/SR300-mobile/1/color/pitch_bottom/00 040
040/outdoor/SR300-mobile/1/color/pitch_bottom/01 040
040/outdoor/SR300-mobile/1/color/pitch_bottom/02 040
041/outdoor/SR300-laptop/0/color/pitch_bottom/00 041
041/outdoor/SR300-laptop/0/color/pitch_bottom/01 041
041/outdoor/SR300-laptop/0/color/pitch_bottom/02 041
041/outdoor/SR300-laptop/1/color/pitch_bottom/00 041
041/outdoor/SR300-laptop/1/color/pitch_bottom/01 041
041/outdoor/SR300-laptop/1/color/pitch_bottom/02 041
041/outdoor/SR300-mobile/0/color/pitch_bottom/00 041
041/outdoor/SR300-mobile/0/color/pitch_bottom/01 041
041/outdoor/SR300-mobile/0/color/pitch_bottom/02 041
041/outdoor/SR300-mobile/0/color/pitch_bottom/03 041
041/outdoor/SR300-mobile/1/color/pitch_bottom/00 041
041/outdoor/SR300-mobile/1/color/pitch_bottom/01 041
041/outdoor/SR300-mobile/1/color/pitch_bottom/02 041
042/outdoor/SR300-laptop/0/color/pitch_bottom/00 042
042/outdoor/SR300-laptop/0/color/pitch_bottom/01 042
042/outdoor/SR300-laptop/0/color/pitch_bottom/02 042
042/outdoor/SR300-laptop/1/color/pitch_bottom/00 042
042/outdoor/SR300-laptop/1/color/pitch_bottom/01 042
042/outdoor/SR300-laptop/1/color/pitch_bottom/02 042
042/outdoor/SR300-mobile/0/color/pitch_bottom/00 042
042/outdoor/SR300-mobile/0/color/pitch_bottom/01 042
042/outdoor/SR300-mobile/0/color/pitch_bottom/02 042
042/outdoor/SR300-mobile/0/color/pitch_bottom/03 042
042/outdoor/SR300-mobile/1/color/pitch_bottom/00 042
042/outdoor/SR300-mobile/1/color/pitch_bottom/01 042
042/outdoor/SR300-mobile/1/color/pitch_bottom/02 042
043/outdoor/SR300-laptop/0/color/pitch_bottom/00 043
043/outdoor/SR300-laptop/0/color/pitch_bottom/01 043
043/outdoor/SR300-laptop/0/color/pitch_bottom/02 043
043/outdoor/SR300-laptop/0/color/pitch_bottom/03 043
043/outdoor/SR300-laptop/0/color/pitch_bottom/04 043
043/outdoor/SR300-laptop/1/color/pitch_bottom/00 043
043/outdoor/SR300-laptop/1/color/pitch_bottom/01 043
043/outdoor/SR300-laptop/1/color/pitch_bottom/02 043
043/outdoor/SR300-laptop/1/color/pitch_bottom/03 043
043/outdoor/SR300-mobile/0/color/pitch_bottom/00 043
043/outdoor/SR300-mobile/0/color/pitch_bottom/01 043
043/outdoor/SR300-mobile/0/color/pitch_bottom/02 043
043/outdoor/SR300-mobile/1/color/pitch_bottom/00 043
043/outdoor/SR300-mobile/1/color/pitch_bottom/01 043
043/outdoor/SR300-mobile/1/color/pitch_bottom/02 043
043/outdoor/SR300-mobile/1/color/pitch_bottom/03 043
043/outdoor/SR300-mobile/1/color/pitch_bottom/04 043
043/outdoor/SR300-mobile/1/color/pitch_bottom/05 043
044/outdoor/SR300-laptop/0/color/pitch_bottom/00 044
044/outdoor/SR300-laptop/0/color/pitch_bottom/01 044
044/outdoor/SR300-laptop/0/color/pitch_bottom/02 044
044/outdoor/SR300-laptop/1/color/pitch_bottom/00 044
044/outdoor/SR300-laptop/1/color/pitch_bottom/01 044
044/outdoor/SR300-laptop/1/color/pitch_bottom/02 044
044/outdoor/SR300-laptop/1/color/pitch_bottom/03 044
044/outdoor/SR300-mobile/0/color/pitch_bottom/00 044
044/outdoor/SR300-mobile/0/color/pitch_bottom/01 044
044/outdoor/SR300-mobile/0/color/pitch_bottom/02 044
044/outdoor/SR300-mobile/1/color/pitch_bottom/00 044
044/outdoor/SR300-mobile/1/color/pitch_bottom/01 044
044/outdoor/SR300-mobile/1/color/pitch_bottom/02 044
045/outdoor/SR300-laptop/0/color/pitch_bottom/00 045
045/outdoor/SR300-laptop/0/color/pitch_bottom/01 045
045/outdoor/SR300-laptop/0/color/pitch_bottom/02 045
045/outdoor/SR300-laptop/1/color/pitch_bottom/00 045
045/outdoor/SR300-laptop/1/color/pitch_bottom/01 045
045/outdoor/SR300-laptop/1/color/pitch_bottom/02 045
045/outdoor/SR300-mobile/0/color/pitch_bottom/00 045
045/outdoor/SR300-mobile/0/color/pitch_bottom/01 045
045/outdoor/SR300-mobile/0/color/pitch_bottom/02 045
045/outdoor/SR300-mobile/0/color/pitch_bottom/03 045
045/outdoor/SR300-mobile/1/color/pitch_bottom/00 045
045/outdoor/SR300-mobile/1/color/pitch_bottom/01 045
045/outdoor/SR300-mobile/1/color/pitch_bottom/02 045
046/outdoor/SR300-laptop/0/color/pitch_bottom/00 046
046/outdoor/SR300-laptop/0/color/pitch_bottom/01 046
046/outdoor/SR300-laptop/0/color/pitch_bottom/02 046
046/outdoor/SR300-laptop/0/color/pitch_bottom/03 046
046/outdoor/SR300-laptop/1/color/pitch_bottom/00 046
046/outdoor/SR300-laptop/1/color/pitch_bottom/01 046
046/outdoor/SR300-laptop/1/color/pitch_bottom/02 046
046/outdoor/SR300-mobile/0/color/pitch_bottom/00 046
046/outdoor/SR300-mobile/0/color/pitch_bottom/01 046
046/outdoor/SR300-mobile/0/color/pitch_bottom/02 046
046/outdoor/SR300-mobile/1/color/pitch_bottom/00 046
046/outdoor/SR300-mobile/1/color/pitch_bottom/01 046
046/outdoor/SR300-mobile/1/color/pitch_bottom/02 046
046/outdoor/SR300-mobile/1/color/pitch_bottom/03 046
047/outdoor/SR300-laptop/0/color/pitch_bottom/00 047
047/outdoor/SR300-laptop/0/color/pitch_bottom/01 047
047/outdoor/SR300-laptop/0/color/pitch_bottom/02 047
047/outdoor/SR300-laptop/1/color/pitch_bottom/00 047
047/outdoor/SR300-laptop/1/color/pitch_bottom/01 047
047/outdoor/SR300-laptop/1/color/pitch_bottom/02 047
047/outdoor/SR300-mobile/0/color/pitch_bottom/00 047
047/outdoor/SR300-mobile/0/color/pitch_bottom/01 047
047/outdoor/SR300-mobile/0/color/pitch_bottom/02 047
047/outdoor/SR300-mobile/0/color/pitch_bottom/03 047
047/outdoor/SR300-mobile/1/color/pitch_bottom/00 047
047/outdoor/SR300-mobile/1/color/pitch_bottom/01 047
047/outdoor/SR300-mobile/1/color/pitch_bottom/02 047
047/outdoor/SR300-mobile/1/color/pitch_bottom/03 047
048/outdoor/SR300-laptop/0/color/pitch_bottom/00 048
048/outdoor/SR300-laptop/0/color/pitch_bottom/01 048
048/outdoor/SR300-laptop/0/color/pitch_bottom/02 048
048/outdoor/SR300-laptop/0/color/pitch_bottom/03 048
048/outdoor/SR300-laptop/1/color/pitch_bottom/00 048
048/outdoor/SR300-laptop/1/color/pitch_bottom/01 048
048/outdoor/SR300-laptop/1/color/pitch_bottom/02 048
048/outdoor/SR300-mobile/0/color/pitch_bottom/00 048
048/outdoor/SR300-mobile/0/color/pitch_bottom/01 048
048/outdoor/SR300-mobile/0/color/pitch_bottom/02 048
048/outdoor/SR300-mobile/0/color/pitch_bottom/03 048
048/outdoor/SR300-mobile/1/color/pitch_bottom/00 048
048/outdoor/SR300-mobile/1/color/pitch_bottom/01 048
048/outdoor/SR300-mobile/1/color/pitch_bottom/02 048
048/outdoor/SR300-mobile/1/color/pitch_bottom/03 048
049/outdoor/SR300-laptop/0/color/pitch_bottom/00 049
049/outdoor/SR300-laptop/0/color/pitch_bottom/01 049
049/outdoor/SR300-laptop/0/color/pitch_bottom/02 049
049/outdoor/SR300-laptop/1/color/pitch_bottom/00 049
049/outdoor/SR300-laptop/1/color/pitch_bottom/01 049
049/outdoor/SR300-laptop/1/color/pitch_bottom/02 049
049/outdoor/SR300-mobile/0/color/pitch_bottom/00 049
049/outdoor/SR300-mobile/0/color/pitch_bottom/01 049
049/outdoor/SR300-mobile/0/color/pitch_bottom/02 049
049/outdoor/SR300-mobile/0/color/pitch_bottom/03 049
049/outdoor/SR300-mobile/1/color/pitch_bottom/00 049
049/outdoor/SR300-mobile/1/color/pitch_bottom/01 049
049/outdoor/SR300-mobile/1/color/pitch_bottom/02 049
049/outdoor/SR300-mobile/1/color/pitch_bottom/03 049
049/outdoor/SR300-mobile/1/color/pitch_bottom/04 049
050/outdoor/SR300-laptop/0/color/pitch_bottom/00 050
050/outdoor/SR300-laptop/0/color/pitch_bottom/01 050
050/outdoor/SR300-laptop/0/color/pitch_bottom/02 050
050/outdoor/SR300-laptop/1/color/pitch_bottom/00 050
050/outdoor/SR300-laptop/1/color/pitch_bottom/01 050
050/outdoor/SR300-laptop/1/color/pitch_bottom/02 050
050/outdoor/SR300-mobile/0/color/pitch_bottom/00 050
050/outdoor/SR300-mobile/0/color/pitch_bottom/01 050
050/outdoor/SR300-mobile/0/color/pitch_bottom/02 050
050/outdoor/SR300-mobile/1/color/pitch_bottom/00 050
050/outdoor/SR300-mobile/1/color/pitch_bottom/01 050
050/outdoor/SR300-mobile/1/color/pitch_bottom/02 050
