026/outdoor/SR300-laptop/0/color/yaw_left/00 026
026/outdoor/SR300-laptop/0/color/yaw_left/01 026
026/outdoor/SR300-laptop/1/color/yaw_left/00 026
026/outdoor/SR300-laptop/1/color/yaw_left/01 026
026/outdoor/SR300-laptop/1/color/yaw_left/02 026
026/outdoor/SR300-mobile/0/color/yaw_left/00 026
026/outdoor/SR300-mobile/0/color/yaw_left/01 026
026/outdoor/SR300-mobile/1/color/yaw_left/00 026
026/outdoor/SR300-mobile/1/color/yaw_left/01 026
027/outdoor/SR300-laptop/0/color/yaw_left/00 027
027/outdoor/SR300-laptop/0/color/yaw_left/01 027
027/outdoor/SR300-laptop/0/color/yaw_left/02 027
027/outdoor/SR300-laptop/1/color/yaw_left/00 027
027/outdoor/SR300-laptop/1/color/yaw_left/01 027
027/outdoor/SR300-laptop/1/color/yaw_left/02 027
027/outdoor/SR300-mobile/0/color/yaw_left/00 027
027/outdoor/SR300-mobile/0/color/yaw_left/01 027
027/outdoor/SR300-mobile/0/color/yaw_left/02 027
027/outdoor/SR300-mobile/1/color/yaw_left/00 027
027/outdoor/SR300-mobile/1/color/yaw_left/01 027
028/outdoor/SR300-laptop/0/color/yaw_left/00 028
028/outdoor/SR300-laptop/0/color/yaw_left/01 028
028/outdoor/SR300-laptop/0/color/yaw_left/02 028
028/outdoor/SR300-laptop/1/color/yaw_left/00 028
028/outdoor/SR300-laptop/1/color/yaw_left/01 028
028/outdoor/SR300-mobile/0/color/yaw_left/00 028
028/outdoor/SR300-mobile/0/color/yaw_left/01 028
028/outdoor/SR300-mobile/1/color/yaw_left/00 028
028/outdoor/SR300-mobile/1/color/yaw_left/01 028
028/outdoor/SR300-mobile/1/color/yaw_left/02 028
029/outdoor/SR300-laptop/0/color/yaw_left/00 029
029/outdoor/SR300-laptop/0/color/yaw_left/01 029
029/outdoor/SR300-laptop/0/color/yaw_left/02 029
029/outdoor/SR300-laptop/0/color/yaw_left/03 029
029/outdoor/SR300-laptop/1/color/yaw_left/00 029
029/outdoor/SR300-laptop/1/color/yaw_left/01 029
029/outdoor/SR300-mobile/0/color/yaw_left/00 029
029/outdoor/SR300-mobile/0/color/yaw_left/01 029
029/outdoor/SR300-mobile/0/color/yaw_left/02 029
029/outdoor/SR300-mobile/1/color/yaw_left/00 029
029/outdoor/SR300-mobile/1/color/yaw_left/01 029
030/outdoor/SR300-laptop/0/color/yaw_left/00 030
030/outdoor/SR300-laptop/0/color/yaw_left/01 030
030/outdoor/SR300-laptop/0/color/yaw_left/02 030
030/outdoor/SR300-laptop/1/color/yaw_left/00 030
030/outdoor/SR300-laptop/1/color/yaw_left/01 030
030/outdoor/SR300-laptop/1/color/yaw_left/02 030
030/outdoor/SR300-mobile/0/color/yaw_left/00 030
030/outdoor/SR300-mobile/0/color/yaw_left/01 030
030/outdoor/SR300-mobile/0/color/yaw_left/02 030
030/outdoor/SR300-mobile/1/color/yaw_left/00 030
030/outdoor/SR300-mobile/1/color/yaw_left/01 030
031/outdoor/SR300-laptop/0/color/yaw_left/00 031
031/outdoor/SR300-laptop/0/color/yaw_left/01 031
031/outdoor/SR300-laptop/1/color/yaw_left/00 031
031/outdoor/SR300-laptop/1/color/yaw_left/01 031
031/outdoor/SR300-mobile/0/color/yaw_left/00 031
031/outdoor/SR300-mobile/0/color/yaw_left/01 031
031/outdoor/SR300-mobile/0/color/yaw_left/02 031
031/outdoor/SR300-mobile/1/color/yaw_left/00 031
031/outdoor/SR300-mobile/1/color/yaw_left/01 031
031/outdoor/SR300-mobile/1/color/yaw_left/02 031
032/outdoor/SR300-laptop/0/color/yaw_left/00 032
032/outdoor/SR300-laptop/0/color/yaw_left/01 032
032/outdoor/SR300-laptop/1/color/yaw_left/00 032
032/outdoor/SR300-laptop/1/color/yaw_left/01 032
032/outdoor/SR300-mobile/0/color/yaw_left/00 032
032/outdoor/SR300-mobile/0/color/yaw_left/01 032
032/outdoor/SR300-mobile/0/color/yaw_left/02 032
032/outdoor/SR300-mobile/1/color/yaw_left/00 032
032/outdoor/SR300-mobile/1/color/yaw_left/01 032
033/outdoor/SR300-laptop/0/color/yaw_left/00 033
033/outdoor/SR300-laptop/0/color/yaw_left/01 033
033/outdoor/SR300-laptop/0/color/yaw_left/02 033
033/outdoor/SR300-laptop/1/color/yaw_left/00 033
033/outdoor/SR300-laptop/1/color/yaw_left/01 033
033/outdoor/SR300-laptop/1/color/yaw_left/02 033
033/outdoor/SR300-mobile/0/color/yaw_left/00 033
033/outdoor/SR300-mobile/0/color/yaw_left/01 033
033/outdoor/SR300-mobile/0/color/yaw_left/02 033
033/outdoor/SR300-mobile/1/color/yaw_left/00 033
033/outdoor/SR300-mobile/1/color/yaw_left/01 033
033/outdoor/SR300-mobile/1/color/yaw_left/02 033
034/outdoor/SR300-laptop/0/color/yaw_left/00 034
034/outdoor/SR300-laptop/0/color/yaw_left/01 034
034/outdoor/SR300-laptop/0/color/yaw_left/02 034
034/outdoor/SR300-laptop/1/color/yaw_left/00 034
034/outdoor/SR300-laptop/1/color/yaw_left/01 034
034/outdoor/SR300-mobile/0/color/yaw_left/00 034
034/outdoor/SR300-mobile/0/color/yaw_left/01 034
034/outdoor/SR300-mobile/0/color/yaw_left/02 034
034/outdoor/SR300-mobile/1/color/yaw_left/00 034
034/outdoor/SR300-mobile/1/color/yaw_left/01 034
034/outdoor/SR300-mobile/1/color/yaw_left/02 034
035/outdoor/SR300-laptop/0/color/yaw_left/00 035
035/outdoor/SR300-laptop/0/color/yaw_left/01 035
035/outdoor/SR300-laptop/0/color/yaw_left/02 035
035/outdoor/SR300-laptop/1/color/yaw_left/00 035
035/outdoor/SR300-laptop/1/color/yaw_left/01 035
035/outdoor/SR300-laptop/1/color/yaw_left/02 035
035/outdoor/SR300-mobile/0/color/yaw_left/00 035
035/outdoor/SR300-mobile/0/color/yaw_left/01 035
035/outdoor/SR300-mobile/1/color/yaw_left/00 035
035/outdoor/SR300-mobile/1/color/yaw_left/01 035
035/outdoor/SR300-mobile/1/color/yaw_left/02 035
036/outdoor/SR300-laptop/0/color/yaw_left/00 036
036/outdoor/SR300-laptop/0/color/yaw_left/01 036
036/outdoor/SR300-laptop/1/color/yaw_left/00 036
036/outdoor/SR300-laptop/1/color/yaw_left/01 036
036/outdoor/SR300-laptop/1/color/yaw_left/02 036
036/outdoor/SR300-mobile/0/color/yaw_left/00 036
036/outdoor/SR300-mobile/0/color/yaw_left/01 036
036/outdoor/SR300-mobile/0/color/yaw_left/02 036
036/outdoor/SR300-mobile/1/color/yaw_left/00 036
036/outdoor/SR300-mobile/1/color/yaw_left/01 036
036/outdoor/SR300-mobile/1/color/yaw_left/02 036
037/outdoor/SR300-laptop/0/color/yaw_left/00 037
037/outdoor/SR300-laptop/0/color/yaw_left/01 037
037/outdoor/SR300-laptop/0/color/yaw_left/02 037
037/outdoor/SR300-laptop/1/color/yaw_left/00 037
037/outdoor/SR300-laptop/1/color/yaw_left/01 037
037/outdoor/SR300-laptop/1/color/yaw_left/02 037
037/outdoor/SR300-mobile/0/color/yaw_left/00 037
037/outdoor/SR300-mobile/0/color/yaw_left/01 037
037/outdoor/SR300-mobile/0/color/yaw_left/02 037
037/outdoor/SR300-mobile/1/color/yaw_left/00 037
037/outdoor/SR300-mobile/1/color/yaw_left/01 037
037/outdoor/SR300-mobile/1/color/yaw_left/02 037
038/outdoor/SR300-laptop/0/color/yaw_left/00 038
038/outdoor/SR300-laptop/0/color/yaw_left/01 038
038/outdoor/SR300-laptop/1/color/yaw_left/00 038
038/outdoor/SR300-laptop/1/color/yaw_left/01 038
038/outdoor/SR300-laptop/1/color/yaw_left/02 038
038/outdoor/SR300-mobile/0/color/yaw_left/00 038
038/outdoor/SR300-mobile/0/color/yaw_left/01 038
038/outdoor/SR300-mobile/0/color/yaw_left/02 038
038/outdoor/SR300-mobile/1/color/yaw_left/00 038
038/outdoor/SR300-mobile/1/color/yaw_left/01 038
038/outdoor/SR300-mobile/1/color/yaw_left/02 038
039/outdoor/SR300-laptop/0/color/yaw_left/00 039
039/outdoor/SR300-laptop/0/color/yaw_left/01 039
039/outdoor/SR300-laptop/1/color/yaw_left/00 039
039/outdoor/SR300-laptop/1/color/yaw_left/01 039
039/outdoor/SR300-mobile/0/color/yaw_left/00 039
039/outdoor/SR300-mobile/0/color/yaw_left/01 039
039/outdoor/SR300-mobile/0/color/yaw_left/02 039
039/outdoor/SR300-mobile/1/color/yaw_left/00 039
039/outdoor/SR300-mobile/1/color/yaw_left/01 039
040/outdoor/SR300-laptop/0/color/yaw_left/00 040
040/outdoor/SR300-laptop/0/color/yaw_left/01 040
040/outdoor/SR300-laptop/0/color/yaw_left/02 040
040/outdoor/SR300-laptop/1/color/yaw_left/00 040
040/outdoor/SR300-laptop/1/color/yaw_left/01 040
040/outdoor/SR300-mobile/0/color/yaw_left/00 040
040/outdoor/SR300-mobile/0/color/yaw_left/01 040
040/outdoor/SR300-mobile/1/color/yaw_left/00 040
040/outdoor/SR300-mobile/1/color/yaw_left/01 040
041/outdoor/SR300-laptop/0/color/yaw_left/00 041
041/outdoor/SR300-laptop/0/color/yaw_left/01 041
041/outdoor/SR300-laptop/0/color/yaw_left/02 041
041/outdoor/SR300-laptop/1/color/yaw_left/00 041
041/outdoor/SR300-laptop/1/color/yaw_left/01 041
041/outdoor/SR300-mobile/0/color/yaw_left/00 041
041/outdoor/SR300-mobile/0/color/yaw_left/01 041
041/outdoor/SR300-mobile/0/color/yaw_left/02 041
041/outdoor/SR300-mobile/1/color/yaw_left/00 041
041/outdoor/SR300-mobile/1/color/yaw_left/01 041
042/outdoor/SR300-laptop/0/color/yaw_left/00 042
042/outdoor/SR300-laptop/0/color/yaw_left/01 042
042/outdoor/SR300-laptop/1/color/yaw_left/00 042
042/outdoor/SR300-laptop/1/color/yaw_left/01 042
042/outdoor/SR300-mobile/0/color/yaw_left/00 042
042/outdoor/SR300-mobile/0/color/yaw_left/01 042
042/outdoor/SR300-mobile/0/color/yaw_left/02 042
042/outdoor/SR300-mobile/0/color/yaw_left/03 042
042/outdoor/SR300-mobile/1/color/yaw_left/00 042
042/outdoor/SR300-mobile/1/color/yaw_left/01 042
042/outdoor/SR300-mobile/1/color/yaw_left/02 042
043/outdoor/SR300-laptop/0/color/yaw_left/00 043
043/outdoor/SR300-laptop/0/color/yaw_left/01 043
043/outdoor/SR300-laptop/0/color/yaw_left/02 043
043/outdoor/SR300-laptop/1/color/yaw_left/00 043
043/outdoor/SR300-laptop/1/color/yaw_left/01 043
043/outdoor/SR300-laptop/1/color/yaw_left/02 043
043/outdoor/SR300-laptop/1/color/yaw_left/03 043
043/outdoor/SR300-mobile/0/color/yaw_left/00 043
043/outdoor/SR300-mobile/0/color/yaw_left/01 043
043/outdoor/SR300-mobile/0/color/yaw_left/02 043
043/outdoor/SR300-mobile/1/color/yaw_left/00 043
043/outdoor/SR300-mobile/1/color/yaw_left/01 043
043/outdoor/SR300-mobile/1/color/yaw_left/02 043
044/outdoor/SR300-laptop/0/color/yaw_left/00 044
044/outdoor/SR300-laptop/0/color/yaw_left/01 044
044/outdoor/SR300-laptop/0/color/yaw_left/02 044
044/outdoor/SR300-laptop/1/color/yaw_left/00 044
044/outdoor/SR300-laptop/1/color/yaw_left/01 044
044/outdoor/SR300-laptop/1/color/yaw_left/02 044
044/outdoor/SR300-mobile/0/color/yaw_left/00 044
044/outdoor/SR300-mobile/0/color/yaw_left/01 044
044/outdoor/SR300-mobile/0/color/yaw_left/02 044
044/outdoor/SR300-mobile/0/color/yaw_left/03 044
044/outdoor/SR300-mobile/1/color/yaw_left/00 044
044/outdoor/SR300-mobile/1/color/yaw_left/01 044
044/outdoor/SR300-mobile/1/color/yaw_left/02 044
045/outdoor/SR300-laptop/0/color/yaw_left/00 045
045/outdoor/SR300-laptop/0/color/yaw_left/01 045
045/outdoor/SR300-laptop/1/color/yaw_left/00 045
045/outdoor/SR300-laptop/1/color/yaw_left/01 045
045/outdoor/SR300-laptop/1/color/yaw_left/02 045
045/outdoor/SR300-mobile/0/color/yaw_left/00 045
045/outdoor/SR300-mobile/0/color/yaw_left/01 045
045/outdoor/SR300-mobile/0/color/yaw_left/02 045
045/outdoor/SR300-mobile/1/color/yaw_left/00 045
045/outdoor/SR300-mobile/1/color/yaw_left/01 045
046/outdoor/SR300-laptop/0/color/yaw_left/00 046
046/outdoor/SR300-laptop/0/color/yaw_left/01 046
046/outdoor/SR300-laptop/1/color/yaw_left/00 046
046/outdoor/SR300-laptop/1/color/yaw_left/01 046
046/outdoor/SR300-mobile/0/color/yaw_left/00 046
046/outdoor/SR300-mobile/0/color/yaw_left/01 046
046/outdoor/SR300-mobile/0/color/yaw_left/02 046
046/outdoor/SR300-mobile/1/color/yaw_left/00 046
046/outdoor/SR300-mobile/1/color/yaw_left/01 046
046/outdoor/SR300-mobile/1/color/yaw_left/02 046
047/outdoor/SR300-laptop/0/color/yaw_left/00 047
047/outdoor/SR300-laptop/0/color/yaw_left/01 047
047/outdoor/SR300-laptop/1/color/yaw_left/00 047
047/outdoor/SR300-laptop/1/color/yaw_left/01 047
047/outdoor/SR300-mobile/0/color/yaw_left/00 047
047/outdoor/SR300-mobile/0/color/yaw_left/01 047
047/outdoor/SR300-mobile/0/color/yaw_left/02 047
047/outdoor/SR300-mobile/1/color/yaw_left/00 047
047/outdoor/SR300-mobile/1/color/yaw_left/01 047
047/outdoor/SR300-mobile/1/color/yaw_left/02 047
048/outdoor/SR300-laptop/0/color/yaw_left/00 048
048/outdoor/SR300-laptop/0/color/yaw_left/01 048
048/outdoor/SR300-laptop/0/color/yaw_left/02 048
048/outdoor/SR300-laptop/1/color/yaw_left/00 048
048/outdoor/SR300-laptop/1/color/yaw_left/01 048
048/outdoor/SR300-laptop/1/color/yaw_left/02 048
048/outdoor/SR300-mobile/0/color/yaw_left/00 048
048/outdoor/SR300-mobile/0/color/yaw_left/01 048
048/outdoor/SR300-mobile/1/color/yaw_left/00 048
048/outdoor/SR300-mobile/1/color/yaw_left/01 048
049/outdoor/SR300-laptop/0/color/yaw_left/00 049
049/outdoor/SR300-laptop/0/color/yaw_left/01 049
049/outdoor/SR300-laptop/0/color/yaw_left/02 049
049/outdoor/SR300-laptop/1/color/yaw_left/00 049
049/outdoor/SR300-laptop/1/color/yaw_left/01 049
049/outdoor/SR300-mobile/0/color/yaw_left/00 049
049/outdoor/SR300-mobile/0/color/yaw_left/01 049
049/outdoor/SR300-mobile/0/color/yaw_left/02 049
049/outdoor/SR300-mobile/1/color/yaw_left/00 049
049/outdoor/SR300-mobile/1/color/yaw_left/01 049
049/outdoor/SR300-mobile/1/color/yaw_left/02 049
049/outdoor/SR300-mobile/1/color/yaw_left/03 049
050/outdoor/SR300-laptop/0/color/yaw_left/00 050
050/outdoor/SR300-laptop/0/color/yaw_left/01 050
050/outdoor/SR300-laptop/0/color/yaw_left/02 050
050/outdoor/SR300-laptop/1/color/yaw_left/00 050
050/outdoor/SR300-laptop/1/color/yaw_left/01 050
050/outdoor/SR300-laptop/1/color/yaw_left/02 050
050/outdoor/SR300-mobile/0/color/yaw_left/00 050
050/outdoor/SR300-mobile/0/color/yaw_left/01 050
050/outdoor/SR300-mobile/0/color/yaw_left/02 050
050/outdoor/SR300-mobile/1/color/yaw_left/00 050
050/outdoor/SR300-mobile/1/color/yaw_left/01 050
